Wed Jan  5 08:47:06 UTC 2022
$PROBLEM TWO COMPARTMENT ORAL

$DATA pk_oral2_30_90.csv IGNORE=#

$INPUT ID TIME	AMT	DV	MDV	 


$SUBROUTINE ADVAN4 TRANS4
$PK
  CL = THETA(1) * EXP(ETA(1))
  V2 = THETA(2) * EXP(ETA(2))
  V3 = THETA(3) * EXP(ETA(3))
  Q = THETA(4) * EXP(ETA(4))
  KA = THETA(5) * EXP(ETA(5))
  
  KE = CL/V2
  K12 = Q/V2
  K21 = Q/V3

$ERROR
  IPRED = F
  W = SQRT(THETA(6)**2 + THETA(7)**2 * IPRED**2)
  IRES = DV - IPRED
  IWRES = IRES / W
  Y = IPRED + W * EPS(1)

$THETA
  (0, 2.3 , 30)
  (0, 2.2, 100)
  (0, 2.4, 300)
  (0, 2.7, 20)
  (0, 2.13, 5)
  0.001 FIX
  (0, 0.3, 1)
$OMEGA
  0.04
  0.04
  0 FIX
  0 FIX
  0 FIX
$SIGMA
  1 FIX

 
$ESTIMATION METHOD=0 POSTHOC MAXEVAL=9999 PRINT=5 

$COVARIANCE PRINT=E

$TABLE ID TIME IPRED IWRES DV NOPRINT ONEHEADER FILE=sdtab4401
$TABLE ID CL V2 Q V3 KA NOPRINT ONEHEADER FILE=patab4401


NM-TRAN MESSAGES
  
 WARNINGS AND ERRORS (IF ANY) FOR PROBLEM    1
             
 (WARNING  2) NM-TRAN INFERS THAT THE DATA ARE POPULATION.
             
 (WARNING  23) $PK DOES NOT DEFINE A SCALE PARAMETER FOR THE CENTRAL
 COMPARTMENT.  WITH THIS TRANS, IT MAY NOT BE POSSIBLE TO SEPARATELY
 OBTAIN ESTIMATES OF PARAMETERS AFFECTING CLEARANCE AND VOLUME.

License Registered to: Seoul St Marys Hospital
Expiration Date:    14 JUN 2022
Current Date:        5 JAN 2022
Days until program expires : 159
1NONLINEAR MIXED EFFECTS MODEL PROGRAM (NONMEM) VERSION 7.5.0
 ORIGINALLY DEVELOPED BY STUART BEAL, LEWIS SHEINER, AND ALISON BOECKMANN
 CURRENT DEVELOPERS ARE ROBERT BAUER, ICON DEVELOPMENT SOLUTIONS,
 AND ALISON BOECKMANN. IMPLEMENTATION, EFFICIENCY, AND STANDARDIZATION
 PERFORMED BY NOUS INFOSYSTEMS.

 PROBLEM NO.:         1
 TWO COMPARTMENT ORAL
0DATA CHECKOUT RUN:              NO
 DATA SET LOCATED ON UNIT NO.:    2
 THIS UNIT TO BE REWOUND:        NO
 NO. OF DATA RECS IN DATA SET:       61
 NO. OF DATA ITEMS IN DATA SET:   6
 ID DATA ITEM IS DATA ITEM NO.:   1
 DEP VARIABLE IS DATA ITEM NO.:   4
 MDV DATA ITEM IS DATA ITEM NO.:  5
0INDICES PASSED TO SUBROUTINE PRED:
   6   2   3   0   0   0   0   0   0   0   0
0LABELS FOR DATA ITEMS:
 ID TIME AMT DV MDV EVID
0(NONBLANK) LABELS FOR PRED-DEFINED ITEMS:
 CL V2 V3 Q KA IPRED IWRES
0FORMAT FOR DATA:
 (5E7.0,1F2.0)

 TOT. NO. OF OBS RECS:       49
 TOT. NO. OF INDIVIDUALS:        6
0LENGTH OF THETA:   7
0DEFAULT THETA BOUNDARY TEST OMITTED:    NO
0OMEGA HAS BLOCK FORM:
  1
  0  2
  0  0  3
  0  0  0  4
  0  0  0  0  5
0DEFAULT OMEGA BOUNDARY TEST OMITTED:    NO
0SIGMA HAS SIMPLE DIAGONAL FORM WITH DIMENSION:   1
0DEFAULT SIGMA BOUNDARY TEST OMITTED:    NO
0INITIAL ESTIMATE OF THETA:
 LOWER BOUND    INITIAL EST    UPPER BOUND
  0.0000E+00     0.2300E+01     0.3000E+02
  0.0000E+00     0.2200E+01     0.1000E+03
  0.0000E+00     0.2400E+01     0.3000E+03
  0.0000E+00     0.2700E+01     0.2000E+02
  0.0000E+00     0.2130E+01     0.5000E+01
  0.1000E-02     0.1000E-02     0.1000E-02
  0.0000E+00     0.3000E+00     0.1000E+01
0INITIAL ESTIMATE OF OMEGA:
 BLOCK SET NO.   BLOCK                                                                    FIXED
        1                                                                                   NO
                  0.4000E-01
        2                                                                                   NO
                  0.4000E-01
        3                                                                                  YES
                  0.0000E+00
        4                                                                                  YES
                  0.0000E+00
        5                                                                                  YES
                  0.0000E+00
0INITIAL ESTIMATE OF SIGMA:
 0.1000E+01
0SIGMA CONSTRAINED TO BE THIS INITIAL ESTIMATE
0COVARIANCE STEP OMITTED:        NO
 EIGENVLS. PRINTED:             YES
 SPECIAL COMPUTATION:            NO
 COMPRESSED FORMAT:              NO
 GRADIENT METHOD USED:     NOSLOW
 SIGDIGITS ETAHAT (SIGLO):                  -1
 SIGDIGITS GRADIENTS (SIGL):                -1
 EXCLUDE COV FOR FOCE (NOFCOV):              NO
 Cholesky Transposition of R Matrix (CHOLROFF):0
 KNUTHSUMOFF:                                -1
 RESUME COV ANALYSIS (RESUME):               NO
 SIR SAMPLE SIZE (SIRSAMPLE):
 NON-LINEARLY TRANSFORM THETAS DURING COV (THBND): 1
 PRECONDTIONING CYCLES (PRECOND):        0
 PRECONDTIONING TYPES (PRECONDS):        TOS
 FORCED PRECONDTIONING CYCLES (PFCOND):0
 PRECONDTIONING TYPE (PRETYPE):        0
 FORCED POS. DEFINITE SETTING DURING PRECONDITIONING: (FPOSDEF):0
 SIMPLE POS. DEFINITE SETTING: (POSDEF):-1
0TABLES STEP OMITTED:    NO
 NO. OF TABLES:           2
 SEED NUMBER (SEED):    11456
 RANMETHOD:             3U
 MC SAMPLES (ESAMPLE):    300
 WRES SQUARE ROOT TYPE (WRESCHOL): EIGENVALUE
0-- TABLE   1 --
0RECORDS ONLY:    ALL
04 COLUMNS APPENDED:    YES
 PRINTED:                NO
 HEADER:                YES
 FILE TO BE FORWARDED:   NO
 FORMAT:                S1PE11.4
 IDFORMAT:
 LFORMAT:
 RFORMAT:
 FIXED_EFFECT_ETAS:
0USER-CHOSEN ITEMS:
 ID TIME IPRED IWRES
0-- TABLE   2 --
0RECORDS ONLY:    ALL
04 COLUMNS APPENDED:    YES
 PRINTED:                NO
 HEADER:                YES
 FILE TO BE FORWARDED:   NO
 FORMAT:                S1PE11.4
 IDFORMAT:
 LFORMAT:
 RFORMAT:
 FIXED_EFFECT_ETAS:
0USER-CHOSEN ITEMS:
 ID CL V2 Q V3 KA
0WARNING: THE NUMBER OF PARAMETERS TO BE ESTIMATED
 EXCEEDS THE NUMBER OF INDIVIDUALS WITH DATA.
0WARNING: FOR AN ASYMPTOTIC ESTIMATE OF THE VARIANCE-COVARIANCE MATRIX
 OF THE GRADIENT VECTOR, THE COVARIANCE STEP COMPUTES THE S MATRIX.
 BUT WHEN THE NUMBER OF PARAMETERS TO BE ESTIMATED
 EXCEEDS THE NUMBER OF INDIVIDUALS WITH DATA,
 THIS MATRIX CAN BE SINGULAR AND BE A POOR ASYMPTOTIC ESTIMATE.
1DOUBLE PRECISION PREDPP VERSION 7.5.0

 TWO COMPARTMENT MODEL WITH FIRST-ORDER ABSORPTION (ADVAN4)
0MAXIMUM NO. OF BASIC PK PARAMETERS:   5
0BASIC PK PARAMETERS (AFTER TRANSLATION):
   BASIC PK PARAMETER NO.  1: ELIMINATION RATE (K)
   BASIC PK PARAMETER NO.  2: CENTRAL-TO-PERIPH. RATE (K23)
   BASIC PK PARAMETER NO.  3: PERIPH.-TO-CENTRAL RATE (K32)
   BASIC PK PARAMETER NO.  5: ABSORPTION RATE (KA)
 TRANSLATOR WILL CONVERT PARAMETERS
 CL, V2, Q, V3 TO K, K23, K32 (TRANS4)
0COMPARTMENT ATTRIBUTES
 COMPT. NO.   FUNCTION   INITIAL    ON/OFF      DOSE      DEFAULT    DEFAULT
                         STATUS     ALLOWED    ALLOWED    FOR DOSE   FOR OBS.
    1         DEPOT        OFF        YES        YES        YES        NO
    2         CENTRAL      ON         NO         YES        NO         YES
    3         PERIPH.      ON         NO         YES        NO         NO
    4         OUTPUT       OFF        YES        NO         NO         NO
1
 ADDITIONAL PK PARAMETERS - ASSIGNMENT OF ROWS IN GG
 COMPT. NO.                             INDICES
              SCALE      BIOAVAIL.   ZERO-ORDER  ZERO-ORDER  ABSORB
                         FRACTION    RATE        DURATION    LAG
    1            *           *           *           *           *
    2            *           *           *           *           *
    3            *           *           *           *           *
    4            *           -           -           -           -
             - PARAMETER IS NOT ALLOWED FOR THIS MODEL
             * PARAMETER IS NOT SUPPLIED BY PK SUBROUTINE;
               WILL DEFAULT TO ONE IF APPLICABLE
0DATA ITEM INDICES USED BY PRED ARE:
   EVENT ID DATA ITEM IS DATA ITEM NO.:      6
   TIME DATA ITEM IS DATA ITEM NO.:          2
   DOSE AMOUNT DATA ITEM IS DATA ITEM NO.:   3

0PK SUBROUTINE CALLED WITH EVERY EVENT RECORD.
 PK SUBROUTINE NOT CALLED AT NONEVENT (ADDITIONAL OR LAGGED) DOSE TIMES.
0ERROR SUBROUTINE CALLED WITH EVERY EVENT RECORD.
1


 #TBLN:      1
 #METH: First Order

 ESTIMATION STEP OMITTED:                 NO
 ANALYSIS TYPE:                           POPULATION
 NUMBER OF SADDLE POINT RESET ITERATIONS:      0
 GRADIENT METHOD USED:               NOSLOW
 EPS-ETA INTERACTION:                     NO
 POP. ETAS OBTAINED POST HOC:             YES
 NO. OF FUNCT. EVALS. ALLOWED:            9999
 NO. OF SIG. FIGURES REQUIRED:            3
 INTERMEDIATE PRINTOUT:                   YES
 ESTIMATE OUTPUT TO MSF:                  NO
 IND. OBJ. FUNC. VALUES SORTED:           NO
 NUMERICAL DERIVATIVE
       FILE REQUEST (NUMDER):               NONE
 MAP (ETAHAT) ESTIMATION METHOD (OPTMAP):   0
 ETA HESSIAN EVALUATION METHOD (ETADER):    0
 INITIAL ETA FOR MAP ESTIMATION (MCETA):    0
 SIGDIGITS FOR MAP ESTIMATION (SIGLO):      100
 GRADIENT SIGDIGITS OF
       FIXED EFFECTS PARAMETERS (SIGL):     100
 NOPRIOR SETTING (NOPRIOR):                 0
 NOCOV SETTING (NOCOV):                     OFF
 DERCONT SETTING (DERCONT):                 OFF
 FINAL ETA RE-EVALUATION (FNLETA):          1
 EXCLUDE NON-INFLUENTIAL (NON-INFL.) ETAS
       IN SHRINKAGE (ETASTYPE):             NO
 NON-INFL. ETA CORRECTION (NONINFETA):      0
 RAW OUTPUT FILE (FILE): A4401.ext
 EXCLUDE TITLE (NOTITLE):                   NO
 EXCLUDE COLUMN LABELS (NOLABEL):           NO
 FORMAT FOR ADDITIONAL FILES (FORMAT):      S1PE12.5
 PARAMETER ORDER FOR OUTPUTS (ORDER):       TSOL
 KNUTHSUMOFF:                               0
 INCLUDE LNTWOPI:                           NO
 INCLUDE CONSTANT TERM TO PRIOR (PRIORC):   NO
 INCLUDE CONSTANT TERM TO OMEGA (ETA) (OLNTWOPI):NO
 ADDITIONAL CONVERGENCE TEST (CTYPE=4)?:    NO
 EM OR BAYESIAN METHOD USED:                 NONE


 THE FOLLOWING LABELS ARE EQUIVALENT
 PRED=NPRED
 RES=NRES
 WRES=NWRES
 IWRS=NIWRES
 IPRD=NIPRED
 IRS=NIRES

 MONITORING OF SEARCH:


0ITERATION NO.:    0    OBJECTIVE VALUE:   1876.53241901258        NO. OF FUNC. EVALS.:   8
 CUMULATIVE NO. OF FUNC. EVALS.:        8
 NPARAMETR:  2.3000E+00  2.2000E+00  2.4000E+00  2.7000E+00  2.1300E+00  3.0000E-01  4.0000E-02  4.0000E-02
 PARAMETER:  1.0000E-01  1.0000E-01  1.0000E-01  1.0000E-01  1.0000E-01  1.0000E-01  1.0000E-01  1.0000E-01
 GRADIENT:   4.7368E+03 -3.1540E+03 -3.0008E+03  9.7368E+02 -6.6334E+01 -1.4647E+03 -7.9277E+01 -9.2129E+01

0ITERATION NO.:    5    OBJECTIVE VALUE:   944.719119344329        NO. OF FUNC. EVALS.:  46
 CUMULATIVE NO. OF FUNC. EVALS.:       54
 NPARAMETR:  3.5519E+00  3.7870E+00  2.7794E+00  1.0249E+00  2.0058E+00  5.2935E-01  5.6110E-02  5.8084E-02
 PARAMETER:  5.8083E-01  6.5946E-01  2.4804E-01 -9.6104E-01 -2.4184E-03  1.0648E+00  2.6922E-01  2.8650E-01
 GRADIENT:   8.0385E+01 -1.4678E+02  2.4153E+01  3.5492E+01 -2.8839E+01 -1.2623E+02 -9.1314E-01 -4.0544E-01

0ITERATION NO.:   10    OBJECTIVE VALUE:   830.109717721996        NO. OF FUNC. EVALS.:  54
 CUMULATIVE NO. OF FUNC. EVALS.:      108
 NPARAMETR:  7.1978E+00  6.6607E+00  2.8141E+00  1.5868E-01  1.7979E+00  7.0861E-01  1.5146E-03  1.5721E-02
 PARAMETER:  1.4355E+00  1.2545E+00  2.6058E-01 -2.8712E+00 -1.7900E-01  1.8359E+00 -1.5369E+00 -3.6693E-01
 GRADIENT:   4.2336E+01 -5.7566E+01  2.9200E+00  4.3787E+00 -2.3034E+01 -3.6806E+01  3.8102E-01  2.6470E+00

0ITERATION NO.:   15    OBJECTIVE VALUE:   805.950383847002        NO. OF FUNC. EVALS.:  48
 CUMULATIVE NO. OF FUNC. EVALS.:      156
 NPARAMETR:  1.7141E+00  1.7941E+00  5.6753E-01  2.7000E-02  2.8305E+00  8.7814E-01  4.2083E-05  5.2169E-05
 PARAMETER: -2.1494E-01 -1.0812E-01 -1.3481E+00 -4.6843E+00  6.6414E-01  2.9223E+00 -3.3285E+00 -3.2211E+00
 GRADIENT:  -1.4689E+01  7.4207E+00 -1.6728E+00  0.0000E+00  4.7551E+00 -2.4199E+00  1.2449E-02  1.2947E-02

0ITERATION NO.:   20    OBJECTIVE VALUE:   802.215453538916        NO. OF FUNC. EVALS.:  48
 CUMULATIVE NO. OF FUNC. EVALS.:      204
 NPARAMETR:  2.0368E+00  2.0336E+00  5.6589E-01  2.7000E-02  2.0114E+00  9.5386E-01  4.0000E-06  9.5828E-06
 PARAMETER: -3.0964E-02  1.9635E-02 -1.3510E+00 -4.8910E+00  2.1898E-03  3.9761E+00 -7.3053E+00 -4.0683E+00
 GRADIENT:   1.1206E+01 -1.2770E+01  2.5699E+00  0.0000E+00 -1.9419E+00 -9.3639E-01  0.0000E+00  1.7717E-03

0ITERATION NO.:   25    OBJECTIVE VALUE:   799.146434672636        NO. OF FUNC. EVALS.:  51
 CUMULATIVE NO. OF FUNC. EVALS.:      255
 NPARAMETR:  2.5584E+00  2.4931E+00  2.4433E-01  2.7000E-02  2.1301E+00  9.9300E-01  4.0000E-06  4.0000E-06
 PARAMETER:  2.1584E-01  2.2809E-01 -2.1919E+00 -6.9650E+00  1.0007E-01  1.2723E+01 -3.4433E+01 -1.5949E+01
 GRADIENT:   7.3884E+00 -4.2935E+00 -8.1872E-01  0.0000E+00  1.8644E-01  0.0000E+00  0.0000E+00  0.0000E+00

0ITERATION NO.:   30    OBJECTIVE VALUE:   798.997990314257        NO. OF FUNC. EVALS.:  45
 CUMULATIVE NO. OF FUNC. EVALS.:      300
 NPARAMETR:  2.2366E+00  2.1354E+00  2.3170E-01  2.7000E-02  2.1261E+00  9.9300E-01  4.0000E-06  4.0000E-06
 PARAMETER:  6.9750E-02  6.9518E-02 -2.2450E+00 -6.9105E+00  9.6839E-02  1.2533E+01 -3.4002E+01 -1.5622E+01
 GRADIENT:  -2.8705E-01  2.7316E-01  3.7384E-03  0.0000E+00 -6.2801E-02  0.0000E+00  0.0000E+00  0.0000E+00

0ITERATION NO.:   34    OBJECTIVE VALUE:   798.997463422113        NO. OF FUNC. EVALS.:  48
 CUMULATIVE NO. OF FUNC. EVALS.:      348
 NPARAMETR:  2.2536E+00  2.1547E+00  2.3292E-01  2.7000E-02  2.1291E+00  9.9300E-01  4.0000E-06  4.0000E-06
 PARAMETER:  7.7968E-02  7.8707E-02 -2.2398E+00 -6.9089E+00  9.9271E-02  1.2524E+01 -3.3962E+01 -1.5616E+01
 GRADIENT:   7.3972E-04 -1.0256E-03  6.8233E-04  0.0000E+00 -5.4302E-04  0.0000E+00  0.0000E+00  0.0000E+00

 #TERM:
0MINIMIZATION SUCCESSFUL
 NO. OF FUNCTION EVALUATIONS USED:      348
 NO. OF SIG. DIGITS IN FINAL EST.:  3.6
0PARAMETER ESTIMATE IS NEAR ITS BOUNDARY
 THIS MUST BE ADDRESSED BEFORE THE COVARIANCE STEP CAN BE IMPLEMENTED
  
 TOTAL DATA POINTS NORMALLY DISTRIBUTED (N):           49
 N*LOG(2PI) CONSTANT TO OBJECTIVE FUNCTION:    90.055976254057924     
 OBJECTIVE FUNCTION VALUE WITHOUT CONSTANT:    798.99746342211267     
 OBJECTIVE FUNCTION VALUE WITH CONSTANT:       889.05343967617057     
 REPORTED OBJECTIVE FUNCTION DOES NOT CONTAIN CONSTANT
  
 TOTAL EFFECTIVE ETAS (NIND*NETA):                            12
  
 #TERE:
 Elapsed estimation  time in seconds:     0.04
 Elapsed postprocess time in seconds:     0.02
1
 
 
 
 
 
 
 
 
 
 
 
 
 
 
 
 
 
 
 
 
 ************************************************************************************************************************
 ********************                                                                                ********************
 ********************                                   FIRST ORDER                                  ********************
 #OBJT:**************                       MINIMUM VALUE OF OBJECTIVE FUNCTION                      ********************
 ********************                                                                                ********************
 ************************************************************************************************************************
 





 #OBJV:********************************************      798.997       **************************************************
1
 ************************************************************************************************************************
 ********************                                                                                ********************
 ********************                                   FIRST ORDER                                  ********************
 ********************                             FINAL PARAMETER ESTIMATE                           ********************
 ********************                                                                                ********************
 ************************************************************************************************************************
 


 THETA - VECTOR OF FIXED EFFECTS PARAMETERS   *********


         TH 1      TH 2      TH 3      TH 4      TH 5      TH 6      TH 7     
 
         2.25E+00  2.15E+00  2.33E-01  2.70E-02  2.13E+00  1.00E-03  9.93E-01
 


 OMEGA - COV MATRIX FOR RANDOM EFFECTS - ETAS  ********


         ETA1      ETA2      ETA3      ETA4      ETA5     
 
 ETA1
+        4.00E-06
 
 ETA2
+        0.00E+00  4.00E-06
 
 ETA3
+        0.00E+00  0.00E+00  0.00E+00
 
 ETA4
+        0.00E+00  0.00E+00  0.00E+00  0.00E+00
 
 ETA5
+        0.00E+00  0.00E+00  0.00E+00  0.00E+00  0.00E+00
 


 SIGMA - COV MATRIX FOR RANDOM EFFECTS - EPSILONS  ****


         EPS1     
 
 EPS1
+        1.00E+00
 
1


 OMEGA - CORR MATRIX FOR RANDOM EFFECTS - ETAS  *******


         ETA1      ETA2      ETA3      ETA4      ETA5     
 
 ETA1
+        2.00E-03
 
 ETA2
+        0.00E+00  2.00E-03
 
 ETA3
+        0.00E+00  0.00E+00  0.00E+00
 
 ETA4
+        0.00E+00  0.00E+00  0.00E+00  0.00E+00
 
 ETA5
+        0.00E+00  0.00E+00  0.00E+00  0.00E+00  0.00E+00
 


 SIGMA - CORR MATRIX FOR RANDOM EFFECTS - EPSILONS  ***


         EPS1     
 
 EPS1
+        1.00E+00
 
 Elapsed finaloutput time in seconds:     0.01
 #CPUT: Total CPU Time in Seconds,        0.077
Stop Time:
Wed Jan  5 08:47:07 UTC 2022
