Wed Jan  5 07:30:52 UTC 2022
$PROBLEM TWO COMPARTMENT ORAL

$DATA pk_oral2_30_90.csv IGNORE=#

$INPUT ID TIME AMT DV MDV  

$SUBROUTINE ADVAN4 TRANS4

$PK
  CL    = THETA(1)*EXP(ETA(1)) ;CL/F
  V2    = THETA(2)*EXP(ETA(2)) ;V2/F
  Q     = THETA(3)*EXP(ETA(3)) ;Q/F
  V3    = THETA(4)*EXP(ETA(4)) ;V3/F
  KA    = THETA(5)*EXP(ETA(5)) ;Absorption rate constant
  ALAG1 = THETA(6)*EXP(ETA(6)) ;Lag time

$ERROR
  IPRED   = F
  W       = SQRT(THETA(7)**2 + THETA(8)**2 * IPRED**2); additive plus proportional error model
  IRES    = DV - IPRED
  IWRES   = IRES / W
  Y       = IPRED + W * EPS(1)

$THETA
  (0,100);POPCL/F
  (0,700);POPV/F
  (0,70) ;POPQ/F
  (0,500);POPV3/F
  (0,10) ;POPKA
  (0,1)  ;POPALAG1
  10
  0.5

$OMEGA
  .25 ;CL
  .25 ;V2
  .25 ;Q
  .25 ;V3
  .25 ;KA
  .25 ;ALAG1

$SIGMA
  1 FIX ;ERRCV
 
;$ESTIMATION METHOD=1 POSTHOC MAXEVAL=9999 PRINT=5 
$ESTIMATION NOABORT MAXEVAL=9999 METHOD=1 INTER PRINT=10 SIGDIGITS=3

$COVARIANCE PRINT=E

$TABLE ID TIME IPRED IWRES DV NOPRINT ONEHEADER FILE=sdtab4403
$TABLE ID CL V2 Q V3 KA ALAG1 NOPRINT ONEHEADER NOAPPEND FILE=patab4403


NM-TRAN MESSAGES
  
 WARNINGS AND ERRORS (IF ANY) FOR PROBLEM    1
             
 (WARNING  2) NM-TRAN INFERS THAT THE DATA ARE POPULATION.
             
 (WARNING  23) $PK DOES NOT DEFINE A SCALE PARAMETER FOR THE CENTRAL
 COMPARTMENT.  WITH THIS TRANS, IT MAY NOT BE POSSIBLE TO SEPARATELY
 OBTAIN ESTIMATES OF PARAMETERS AFFECTING CLEARANCE AND VOLUME.

License Registered to: Seoul St Marys Hospital
Expiration Date:    14 JUN 2022
Current Date:        5 JAN 2022
Days until program expires : 159
1NONLINEAR MIXED EFFECTS MODEL PROGRAM (NONMEM) VERSION 7.5.0
 ORIGINALLY DEVELOPED BY STUART BEAL, LEWIS SHEINER, AND ALISON BOECKMANN
 CURRENT DEVELOPERS ARE ROBERT BAUER, ICON DEVELOPMENT SOLUTIONS,
 AND ALISON BOECKMANN. IMPLEMENTATION, EFFICIENCY, AND STANDARDIZATION
 PERFORMED BY NOUS INFOSYSTEMS.

 PROBLEM NO.:         1
 TWO COMPARTMENT ORAL
0DATA CHECKOUT RUN:              NO
 DATA SET LOCATED ON UNIT NO.:    2
 THIS UNIT TO BE REWOUND:        NO
 NO. OF DATA RECS IN DATA SET:       61
 NO. OF DATA ITEMS IN DATA SET:   6
 ID DATA ITEM IS DATA ITEM NO.:   1
 DEP VARIABLE IS DATA ITEM NO.:   4
 MDV DATA ITEM IS DATA ITEM NO.:  5
0INDICES PASSED TO SUBROUTINE PRED:
   6   2   3   0   0   0   0   0   0   0   0
0LABELS FOR DATA ITEMS:
 ID TIME AMT DV MDV EVID
0(NONBLANK) LABELS FOR PRED-DEFINED ITEMS:
 CL V2 Q V3 KA ALAG1 IPRED IWRES
0FORMAT FOR DATA:
 (5E7.0,1F2.0)

 TOT. NO. OF OBS RECS:       49
 TOT. NO. OF INDIVIDUALS:        6
0LENGTH OF THETA:   8
0DEFAULT THETA BOUNDARY TEST OMITTED:    NO
0OMEGA HAS SIMPLE DIAGONAL FORM WITH DIMENSION:   6
0DEFAULT OMEGA BOUNDARY TEST OMITTED:    NO
0SIGMA HAS SIMPLE DIAGONAL FORM WITH DIMENSION:   1
0DEFAULT SIGMA BOUNDARY TEST OMITTED:    NO
0INITIAL ESTIMATE OF THETA:
 LOWER BOUND    INITIAL EST    UPPER BOUND
  0.0000E+00     0.1000E+03     0.1000E+07
  0.0000E+00     0.7000E+03     0.1000E+07
  0.0000E+00     0.7000E+02     0.1000E+07
  0.0000E+00     0.5000E+03     0.1000E+07
  0.0000E+00     0.1000E+02     0.1000E+07
  0.0000E+00     0.1000E+01     0.1000E+07
 -0.1000E+07     0.1000E+02     0.1000E+07
 -0.1000E+07     0.5000E+00     0.1000E+07
0INITIAL ESTIMATE OF OMEGA:
 0.2500E+00
 0.0000E+00   0.2500E+00
 0.0000E+00   0.0000E+00   0.2500E+00
 0.0000E+00   0.0000E+00   0.0000E+00   0.2500E+00
 0.0000E+00   0.0000E+00   0.0000E+00   0.0000E+00   0.2500E+00
 0.0000E+00   0.0000E+00   0.0000E+00   0.0000E+00   0.0000E+00   0.2500E+00
0INITIAL ESTIMATE OF SIGMA:
 0.1000E+01
0SIGMA CONSTRAINED TO BE THIS INITIAL ESTIMATE
0COVARIANCE STEP OMITTED:        NO
 EIGENVLS. PRINTED:             YES
 SPECIAL COMPUTATION:            NO
 COMPRESSED FORMAT:              NO
 GRADIENT METHOD USED:     NOSLOW
 SIGDIGITS ETAHAT (SIGLO):                  -1
 SIGDIGITS GRADIENTS (SIGL):                -1
 EXCLUDE COV FOR FOCE (NOFCOV):              NO
 Cholesky Transposition of R Matrix (CHOLROFF):0
 KNUTHSUMOFF:                                -1
 RESUME COV ANALYSIS (RESUME):               NO
 SIR SAMPLE SIZE (SIRSAMPLE):
 NON-LINEARLY TRANSFORM THETAS DURING COV (THBND): 1
 PRECONDTIONING CYCLES (PRECOND):        0
 PRECONDTIONING TYPES (PRECONDS):        TOS
 FORCED PRECONDTIONING CYCLES (PFCOND):0
 PRECONDTIONING TYPE (PRETYPE):        0
 FORCED POS. DEFINITE SETTING DURING PRECONDITIONING: (FPOSDEF):0
 SIMPLE POS. DEFINITE SETTING: (POSDEF):-1
0TABLES STEP OMITTED:    NO
 NO. OF TABLES:           2
 SEED NUMBER (SEED):    11456
 RANMETHOD:             3U
 MC SAMPLES (ESAMPLE):    300
 WRES SQUARE ROOT TYPE (WRESCHOL): EIGENVALUE
0-- TABLE   1 --
0RECORDS ONLY:    ALL
04 COLUMNS APPENDED:    YES
 PRINTED:                NO
 HEADER:                YES
 FILE TO BE FORWARDED:   NO
 FORMAT:                S1PE11.4
 IDFORMAT:
 LFORMAT:
 RFORMAT:
 FIXED_EFFECT_ETAS:
0USER-CHOSEN ITEMS:
 ID TIME IPRED IWRES
0-- TABLE   2 --
0RECORDS ONLY:    ALL
04 COLUMNS APPENDED:    NO
 PRINTED:                NO
 HEADER:                YES
 FILE TO BE FORWARDED:   NO
 FORMAT:                S1PE11.4
 IDFORMAT:
 LFORMAT:
 RFORMAT:
 FIXED_EFFECT_ETAS:
0USER-CHOSEN ITEMS:
 ID CL V2 Q V3 KA ALAG1
0WARNING: THE NUMBER OF PARAMETERS TO BE ESTIMATED
 EXCEEDS THE NUMBER OF INDIVIDUALS WITH DATA.
0WARNING: FOR AN ASYMPTOTIC ESTIMATE OF THE VARIANCE-COVARIANCE MATRIX
 OF THE GRADIENT VECTOR, THE COVARIANCE STEP COMPUTES THE S MATRIX.
 BUT WHEN THE NUMBER OF PARAMETERS TO BE ESTIMATED
 EXCEEDS THE NUMBER OF INDIVIDUALS WITH DATA,
 THIS MATRIX CAN BE SINGULAR AND BE A POOR ASYMPTOTIC ESTIMATE.
1DOUBLE PRECISION PREDPP VERSION 7.5.0

 TWO COMPARTMENT MODEL WITH FIRST-ORDER ABSORPTION (ADVAN4)
0MAXIMUM NO. OF BASIC PK PARAMETERS:   5
0BASIC PK PARAMETERS (AFTER TRANSLATION):
   BASIC PK PARAMETER NO.  1: ELIMINATION RATE (K)
   BASIC PK PARAMETER NO.  2: CENTRAL-TO-PERIPH. RATE (K23)
   BASIC PK PARAMETER NO.  3: PERIPH.-TO-CENTRAL RATE (K32)
   BASIC PK PARAMETER NO.  5: ABSORPTION RATE (KA)
 TRANSLATOR WILL CONVERT PARAMETERS
 CL, V2, Q, V3 TO K, K23, K32 (TRANS4)
0COMPARTMENT ATTRIBUTES
 COMPT. NO.   FUNCTION   INITIAL    ON/OFF      DOSE      DEFAULT    DEFAULT
                         STATUS     ALLOWED    ALLOWED    FOR DOSE   FOR OBS.
    1         DEPOT        OFF        YES        YES        YES        NO
    2         CENTRAL      ON         NO         YES        NO         YES
    3         PERIPH.      ON         NO         YES        NO         NO
    4         OUTPUT       OFF        YES        NO         NO         NO
1
 ADDITIONAL PK PARAMETERS - ASSIGNMENT OF ROWS IN GG
 COMPT. NO.                             INDICES
              SCALE      BIOAVAIL.   ZERO-ORDER  ZERO-ORDER  ABSORB
                         FRACTION    RATE        DURATION    LAG
    1            *           *           *           *           6
    2            *           *           *           *           *
    3            *           *           *           *           *
    4            *           -           -           -           -
             - PARAMETER IS NOT ALLOWED FOR THIS MODEL
             * PARAMETER IS NOT SUPPLIED BY PK SUBROUTINE;
               WILL DEFAULT TO ONE IF APPLICABLE
0DATA ITEM INDICES USED BY PRED ARE:
   EVENT ID DATA ITEM IS DATA ITEM NO.:      6
   TIME DATA ITEM IS DATA ITEM NO.:          2
   DOSE AMOUNT DATA ITEM IS DATA ITEM NO.:   3

0PK SUBROUTINE CALLED WITH EVERY EVENT RECORD.
 PK SUBROUTINE NOT CALLED AT NONEVENT (ADDITIONAL OR LAGGED) DOSE TIMES.
0ERROR SUBROUTINE CALLED WITH EVERY EVENT RECORD.
1


 #TBLN:      1
 #METH: First Order Conditional Estimation with Interaction

 ESTIMATION STEP OMITTED:                 NO
 ANALYSIS TYPE:                           POPULATION
 NUMBER OF SADDLE POINT RESET ITERATIONS:      0
 GRADIENT METHOD USED:               NOSLOW
 CONDITIONAL ESTIMATES USED:              YES
 CENTERED ETA:                            NO
 EPS-ETA INTERACTION:                     YES
 LAPLACIAN OBJ. FUNC.:                    NO
 NO. OF FUNCT. EVALS. ALLOWED:            9999
 NO. OF SIG. FIGURES REQUIRED:            3
 INTERMEDIATE PRINTOUT:                   YES
 ESTIMATE OUTPUT TO MSF:                  NO
 ABORT WITH PRED EXIT CODE 1:             NO
 IND. OBJ. FUNC. VALUES SORTED:           NO
 NUMERICAL DERIVATIVE
       FILE REQUEST (NUMDER):               NONE
 MAP (ETAHAT) ESTIMATION METHOD (OPTMAP):   0
 ETA HESSIAN EVALUATION METHOD (ETADER):    0
 INITIAL ETA FOR MAP ESTIMATION (MCETA):    0
 SIGDIGITS FOR MAP ESTIMATION (SIGLO):      100
 GRADIENT SIGDIGITS OF
       FIXED EFFECTS PARAMETERS (SIGL):     100
 NOPRIOR SETTING (NOPRIOR):                 0
 NOCOV SETTING (NOCOV):                     OFF
 DERCONT SETTING (DERCONT):                 OFF
 FINAL ETA RE-EVALUATION (FNLETA):          1
 EXCLUDE NON-INFLUENTIAL (NON-INFL.) ETAS
       IN SHRINKAGE (ETASTYPE):             NO
 NON-INFL. ETA CORRECTION (NONINFETA):      0
 RAW OUTPUT FILE (FILE): A4403.ext
 EXCLUDE TITLE (NOTITLE):                   NO
 EXCLUDE COLUMN LABELS (NOLABEL):           NO
 FORMAT FOR ADDITIONAL FILES (FORMAT):      S1PE12.5
 PARAMETER ORDER FOR OUTPUTS (ORDER):       TSOL
 KNUTHSUMOFF:                               0
 INCLUDE LNTWOPI:                           NO
 INCLUDE CONSTANT TERM TO PRIOR (PRIORC):   NO
 INCLUDE CONSTANT TERM TO OMEGA (ETA) (OLNTWOPI):NO
 ADDITIONAL CONVERGENCE TEST (CTYPE=4)?:    NO
 EM OR BAYESIAN METHOD USED:                 NONE


 THE FOLLOWING LABELS ARE EQUIVALENT
 PRED=PREDI
 RES=RESI
 WRES=WRESI
 IWRS=IWRESI
 IPRD=IPREDI
 IRS=IRESI

 MONITORING OF SEARCH:


0ITERATION NO.:    0    OBJECTIVE VALUE:   173292963.083970        NO. OF FUNC. EVALS.:  10
 CUMULATIVE NO. OF FUNC. EVALS.:       10
 NPARAMETR:  1.0000E+02  7.0000E+02  7.0000E+01  5.0000E+02  1.0000E+01  1.0000E+00  1.0000E+01  5.0000E-01  2.5000E-01  2.5000E-01
             2.5000E-01  2.5000E-01  2.5000E-01  2.5000E-01
 PARAMETER:  1.0000E-01  1.0000E-01  1.0000E-01  1.0000E-01  1.0000E-01  1.0000E-01  1.0000E-01  1.0000E-01  1.0000E-01  1.0000E-01
             1.0000E-01  1.0000E-01  1.0000E-01  1.0000E-01
 GRADIENT:  -7.0527E+01  4.1449E+01  4.0374E+01 -1.1153E+01  2.7004E+00  3.4390E+02 -3.4607E+09 -1.8732E+02 -9.8188E+01 -3.0826E+01
            -3.2979E+01 -6.0970E+00 -7.3742E-02  8.3842E+00

0ITERATION NO.:   10    OBJECTIVE VALUE:   824.419225307353        NO. OF FUNC. EVALS.: 118
 CUMULATIVE NO. OF FUNC. EVALS.:      128
 NPARAMETR:  5.5011E+02  3.3281E+02  1.0402E+01  8.1705E+02  1.4606E+00  1.0000E-02  7.0000E+01  1.0107E+00  3.2808E-01  7.3855E-03
             4.6243E-02  1.1979E-01  4.2323E-01  2.4151E-01
 PARAMETER:  1.8050E+00 -6.4352E-01 -1.8065E+00  5.9109E-01 -1.8237E+00 -7.7009E+00  7.0000E-01  2.0214E-01  2.3589E-01 -1.6610E+00
            -7.4378E-01 -2.6788E-01  3.6322E-01  8.2723E-02
 GRADIENT:   2.2186E+00 -2.1928E+00  1.0217E+00 -4.7096E-01 -1.1803E+00  0.0000E+00  1.9362E+01 -9.7065E+01  3.6915E+00  6.2035E-02
             1.1796E-01  7.0554E-02  2.4457E+00  1.3239E-02

0ITERATION NO.:   20    OBJECTIVE VALUE:   821.133474311698        NO. OF FUNC. EVALS.: 133
 CUMULATIVE NO. OF FUNC. EVALS.:      261
 NPARAMETR:  8.4534E+01  5.0358E+01  3.6627E+00  5.7610E+02  1.4016E+00  1.0000E-02  7.0000E+01  1.3392E+00  1.0152E-01  9.1327E-02
             9.8944E-02  4.6912E-02  1.9393E-01  1.6834E-01
 PARAMETER: -6.8020E-02 -2.5319E+00 -2.8503E+00  2.4166E-01 -1.8650E+00 -7.7012E+00  7.0000E-01  2.6784E-01 -3.5061E-01 -4.0351E-01
            -3.6346E-01 -7.3660E-01 -2.6979E-02 -9.7728E-02
 GRADIENT:   2.1364E-01 -4.0295E-02 -3.3559E-01  1.6139E-01 -2.8939E-01  0.0000E+00  1.7827E+01  8.0444E+00  8.5465E-01  3.7499E-01
             2.1054E-01  2.8652E-02 -9.8954E-02  1.5742E-02

0ITERATION NO.:   30    OBJECTIVE VALUE:   819.910477373067        NO. OF FUNC. EVALS.: 267
 CUMULATIVE NO. OF FUNC. EVALS.:      528
 NPARAMETR:  6.9252E+01  4.8415E+01  7.0000E-01  9.0532E+00  1.6635E+00  1.0000E-02  7.0000E+01  1.2130E+00  6.3787E-03  3.7568E-02
             1.5332E-03  2.0046E-02  1.9775E-01  4.1717E-03
 PARAMETER: -2.6742E-01 -2.5713E+00 -4.7465E+00 -3.9115E+00 -1.6937E+00 -7.7015E+00  7.0000E-01  2.4261E-01 -1.7343E+00 -8.4765E-01
            -2.4470E+00 -1.1617E+00 -1.7226E-02 -1.9466E+00
 GRADIENT:   1.3647E+00  2.9002E-01  0.0000E+00  1.0249E+00  1.1441E-01  0.0000E+00  2.0917E+01 -8.0113E+00  7.6598E-02 -1.5001E-01
             3.1118E-03  5.3901E-03  1.6950E+00  3.0277E-04

0ITERATION NO.:   40    OBJECTIVE VALUE:   815.383037813355        NO. OF FUNC. EVALS.: 263
 CUMULATIVE NO. OF FUNC. EVALS.:      791
 NPARAMETR:  4.3152E+01  3.3403E+01  7.0000E-01  5.0000E+00  1.8729E+00  1.0000E-02  7.0000E+01  1.2888E+00  1.2381E-04  2.5425E-04
             2.5000E-05  2.6324E-04  7.9089E-03  2.5000E-05
 PARAMETER: -7.4045E-01 -2.9424E+00 -7.5695E+00 -8.4623E+00 -1.5751E+00 -7.7029E+00  7.0000E-01  2.5776E-01 -3.7052E+00 -3.3455E+00
            -6.0320E+00 -3.3281E+00 -1.6267E+00 -4.8331E+00
 GRADIENT:   4.7292E-01 -4.7360E-01  0.0000E+00  0.0000E+00  4.6494E-01  0.0000E+00  2.3860E+01 -2.7471E-01  2.0945E-02  2.3580E-02
             0.0000E+00  1.9244E-04 -4.0279E-02  0.0000E+00

0ITERATION NO.:   50    OBJECTIVE VALUE:   815.357197503436        NO. OF FUNC. EVALS.: 264
 CUMULATIVE NO. OF FUNC. EVALS.:     1055
 NPARAMETR:  4.3217E+01  3.3534E+01  7.0000E-01  5.0000E+00  1.8658E+00  1.0000E-02  7.0000E+01  1.2828E+00  2.5000E-05  2.5000E-05
             2.5000E-05  3.4353E-05  1.1672E-02  2.5000E-05
 PARAMETER: -7.3895E-01 -2.9385E+00 -8.7506E+00 -1.0477E+01 -1.5789E+00 -7.7036E+00  7.0000E-01  2.5656E-01 -4.5652E+00 -5.0499E+00
            -8.4600E+00 -4.3463E+00 -1.4322E+00 -6.4283E+00
 GRADIENT:   8.9337E-04 -1.1893E-04  0.0000E+00  0.0000E+00 -1.7937E-03  0.0000E+00  2.3926E+01 -1.0318E-03  0.0000E+00  0.0000E+00
             0.0000E+00  2.5146E-05 -2.5068E-04  0.0000E+00

0ITERATION NO.:   60    OBJECTIVE VALUE:   796.604241521175        NO. OF FUNC. EVALS.: 139
 CUMULATIVE NO. OF FUNC. EVALS.:     1194
 NPARAMETR:  4.2130E+01  3.4139E+01  7.0000E-01  5.0000E+00  1.9017E+00  1.0000E-02 -4.1674E-03  1.1839E+00  2.5000E-05  2.5000E-05
             2.5000E-05  2.5000E-05  2.5115E-02  2.5000E-05
 PARAMETER: -7.6440E-01 -2.9206E+00 -8.7506E+00 -1.0477E+01 -1.5599E+00 -7.7036E+00 -4.1674E-05  2.3677E-01 -4.6730E+00 -5.3861E+00
            -9.0436E+00 -4.5088E+00 -1.0490E+00 -6.7316E+00
 GRADIENT:  -3.7684E-01 -8.1212E-01  0.0000E+00  0.0000E+00 -7.2513E-02  0.0000E+00 -8.7566E-03 -3.9060E-01  0.0000E+00  0.0000E+00
             0.0000E+00  0.0000E+00  1.3079E-03  0.0000E+00

0ITERATION NO.:   66    OBJECTIVE VALUE:   796.564470613823        NO. OF FUNC. EVALS.: 150
 CUMULATIVE NO. OF FUNC. EVALS.:     1344
 NPARAMETR:  4.4422E+01  3.6817E+01  7.0000E-01  5.0000E+00  1.9174E+00  1.0000E-02 -3.4822E-04  1.1694E+00  2.5000E-05  2.5000E-05
             2.5000E-05  2.5000E-05  2.3769E-02  2.5000E-05
 PARAMETER: -7.1143E-01 -2.8451E+00 -8.7506E+00 -1.0477E+01 -1.5516E+00 -7.7036E+00 -3.4822E-06  2.3389E-01 -4.6930E+00 -5.4147E+00
            -9.0751E+00 -4.5312E+00 -1.0765E+00 -6.7594E+00
 GRADIENT:   1.2020E-03 -8.4246E-04  0.0000E+00  0.0000E+00 -3.1033E-05  0.0000E+00 -6.1431E-04 -4.7072E-03  0.0000E+00  0.0000E+00
             0.0000E+00  0.0000E+00 -1.6618E-04  0.0000E+00

 #TERM:
0MINIMIZATION SUCCESSFUL
 NO. OF FUNCTION EVALUATIONS USED:     1344
 NO. OF SIG. DIGITS IN FINAL EST.:  3.9
0PARAMETER ESTIMATE IS NEAR ITS BOUNDARY
 THIS MUST BE ADDRESSED BEFORE THE COVARIANCE STEP CAN BE IMPLEMENTED

 ETABAR IS THE ARITHMETIC MEAN OF THE ETA-ESTIMATES,
 AND THE P-VALUE IS GIVEN FOR THE NULL HYPOTHESIS THAT THE TRUE MEAN IS 0.

 ETABAR:         3.5742E-06 -3.2859E-06 -4.9406E-06  4.6524E-06 -2.3786E-03  3.2010E-06
 SE:             6.6515E-05  4.9684E-05  1.4208E-05  1.9436E-05  2.6889E-02  6.5325E-07
 N:                       6           6           6           6           6           6

 P VAL.:         9.5715E-01  9.4727E-01  7.2804E-01  8.1082E-01  9.2951E-01  9.5942E-07

 ETASHRINKSD(%)  9.6430E+01  9.7334E+01  9.9238E+01  9.8957E+01  5.3201E+01  9.9965E+01
 ETASHRINKVR(%)  9.9873E+01  9.9929E+01  9.9994E+01  9.9989E+01  7.8099E+01  1.0000E+02
 EBVSHRINKSD(%)  9.5587E+01  9.6326E+01  9.8920E+01  9.9014E+01  5.7439E+01  9.9909E+01
 EBVSHRINKVR(%)  9.9805E+01  9.9865E+01  9.9988E+01  9.9990E+01  8.1886E+01  1.0000E+02
 RELATIVEINF(%)  1.0000E-10  1.0000E-10  1.0000E-10  1.0000E-10  5.6772E+00  4.0345E-05
 EPSSHRINKSD(%)  3.0791E-01
 EPSSHRINKVR(%)  6.1486E-01

  
 TOTAL DATA POINTS NORMALLY DISTRIBUTED (N):           49
 N*LOG(2PI) CONSTANT TO OBJECTIVE FUNCTION:    90.055976254057924     
 OBJECTIVE FUNCTION VALUE WITHOUT CONSTANT:    796.56447061382255     
 OBJECTIVE FUNCTION VALUE WITH CONSTANT:       886.62044686788045     
 REPORTED OBJECTIVE FUNCTION DOES NOT CONTAIN CONSTANT
  
 TOTAL EFFECTIVE ETAS (NIND*NETA):                            36
  
 #TERE:
 Elapsed estimation  time in seconds:     2.20
 Elapsed postprocess time in seconds:     0.02
1
 
 
 
 
 
 
 
 
 
 
 
 
 
 
 
 
 
 
 
 
 ************************************************************************************************************************
 ********************                                                                                ********************
 ********************               FIRST ORDER CONDITIONAL ESTIMATION WITH INTERACTION              ********************
 #OBJT:**************                       MINIMUM VALUE OF OBJECTIVE FUNCTION                      ********************
 ********************                                                                                ********************
 ************************************************************************************************************************
 





 #OBJV:********************************************      796.564       **************************************************
1
 ************************************************************************************************************************
 ********************                                                                                ********************
 ********************               FIRST ORDER CONDITIONAL ESTIMATION WITH INTERACTION              ********************
 ********************                             FINAL PARAMETER ESTIMATE                           ********************
 ********************                                                                                ********************
 ************************************************************************************************************************
 


 THETA - VECTOR OF FIXED EFFECTS PARAMETERS   *********


         TH 1      TH 2      TH 3      TH 4      TH 5      TH 6      TH 7      TH 8     
 
         4.44E+01  3.68E+01  7.00E-01  5.00E+00  1.92E+00  1.00E-02 -3.48E-04  1.17E+00
 


 OMEGA - COV MATRIX FOR RANDOM EFFECTS - ETAS  ********


         ETA1      ETA2      ETA3      ETA4      ETA5      ETA6     
 
 ETA1
+        2.50E-05
 
 ETA2
+        0.00E+00  2.50E-05
 
 ETA3
+        0.00E+00  0.00E+00  2.50E-05
 
 ETA4
+        0.00E+00  0.00E+00  0.00E+00  2.50E-05
 
 ETA5
+        0.00E+00  0.00E+00  0.00E+00  0.00E+00  2.38E-02
 
 ETA6
+        0.00E+00  0.00E+00  0.00E+00  0.00E+00  0.00E+00  2.50E-05
 


 SIGMA - COV MATRIX FOR RANDOM EFFECTS - EPSILONS  ****


         EPS1     
 
 EPS1
+        1.00E+00
 
1


 OMEGA - CORR MATRIX FOR RANDOM EFFECTS - ETAS  *******


         ETA1      ETA2      ETA3      ETA4      ETA5      ETA6     
 
 ETA1
+        5.00E-03
 
 ETA2
+        0.00E+00  5.00E-03
 
 ETA3
+        0.00E+00  0.00E+00  5.00E-03
 
 ETA4
+        0.00E+00  0.00E+00  0.00E+00  5.00E-03
 
 ETA5
+        0.00E+00  0.00E+00  0.00E+00  0.00E+00  1.54E-01
 
 ETA6
+        0.00E+00  0.00E+00  0.00E+00  0.00E+00  0.00E+00  5.00E-03
 


 SIGMA - CORR MATRIX FOR RANDOM EFFECTS - EPSILONS  ***


         EPS1     
 
 EPS1
+        1.00E+00
 
 Elapsed finaloutput time in seconds:     0.00
 #CPUT: Total CPU Time in Seconds,        2.231
Stop Time:
Wed Jan  5 07:30:55 UTC 2022
