Wed Jan  5 08:56:25 UTC 2022
$PROBLEM TWO COMPARTMENT ORAL

$DATA pk_oral2_30_90.csv IGNORE=#

$INPUT ID TIME	AMT	DV	MDV	 


$SUBROUTINE ADVAN4 TRANS4
$PK
  CL = THETA(1) * EXP(ETA(1))
  V2 = THETA(2) * EXP(ETA(2))
  V3 = THETA(3) * EXP(ETA(3))
  Q = THETA(4) * EXP(ETA(4))
  KA = THETA(5) * EXP(ETA(5))
  
  KE = CL/V2
  K12 = Q/V2
  K21 = Q/V3

$ERROR
  IPRED = F
  W = SQRT(THETA(6)**2 + THETA(7)**2 * IPRED**2)
  IRES = DV - IPRED
  IWRES = IRES / W
  Y = IPRED + W * EPS(1)

$THETA
  (0, 2.3 , 30)
  (0, 2.2, 100)
  (0, 2.4, 300)
  (0, 2.7, 20)
  (0, 2.13, 5)
  0.001 FIX
  (0, 0.3, 1)

$OMEGA
  0.2
$OMEGA BLOCK(2)
0.16
0.01 0.25
$OMEGA
  0 FIX
  0 FIX

$SIGMA
  1 FIX

 
;$ESTIMATION METHOD=0 POSTHOC MAXEVAL=9999 PRINT=5 
$ESTIMATION NOABORT MAXEVAL=9999 METHOD=1 INTER PRINT=10 SIGDIGITS=3

$COVARIANCE PRINT=E

$TABLE ID TIME IPRED IWRES DV NOPRINT ONEHEADER FILE=sdtab4401
$TABLE ID CL V2 V3 Q KA NOPRINT ONEHEADER FILE=patab4401 NOAPPEND


NM-TRAN MESSAGES
  
 WARNINGS AND ERRORS (IF ANY) FOR PROBLEM    1
             
 (WARNING  2) NM-TRAN INFERS THAT THE DATA ARE POPULATION.
             
 (WARNING  23) $PK DOES NOT DEFINE A SCALE PARAMETER FOR THE CENTRAL
 COMPARTMENT.  WITH THIS TRANS, IT MAY NOT BE POSSIBLE TO SEPARATELY
 OBTAIN ESTIMATES OF PARAMETERS AFFECTING CLEARANCE AND VOLUME.

License Registered to: Seoul St Marys Hospital
Expiration Date:    14 JUN 2022
Current Date:        5 JAN 2022
Days until program expires : 159
1NONLINEAR MIXED EFFECTS MODEL PROGRAM (NONMEM) VERSION 7.5.0
 ORIGINALLY DEVELOPED BY STUART BEAL, LEWIS SHEINER, AND ALISON BOECKMANN
 CURRENT DEVELOPERS ARE ROBERT BAUER, ICON DEVELOPMENT SOLUTIONS,
 AND ALISON BOECKMANN. IMPLEMENTATION, EFFICIENCY, AND STANDARDIZATION
 PERFORMED BY NOUS INFOSYSTEMS.

 PROBLEM NO.:         1
 TWO COMPARTMENT ORAL
0DATA CHECKOUT RUN:              NO
 DATA SET LOCATED ON UNIT NO.:    2
 THIS UNIT TO BE REWOUND:        NO
 NO. OF DATA RECS IN DATA SET:       61
 NO. OF DATA ITEMS IN DATA SET:   6
 ID DATA ITEM IS DATA ITEM NO.:   1
 DEP VARIABLE IS DATA ITEM NO.:   4
 MDV DATA ITEM IS DATA ITEM NO.:  5
0INDICES PASSED TO SUBROUTINE PRED:
   6   2   3   0   0   0   0   0   0   0   0
0LABELS FOR DATA ITEMS:
 ID TIME AMT DV MDV EVID
0(NONBLANK) LABELS FOR PRED-DEFINED ITEMS:
 CL V2 V3 Q KA IPRED IWRES
0FORMAT FOR DATA:
 (5E7.0,1F2.0)

 TOT. NO. OF OBS RECS:       49
 TOT. NO. OF INDIVIDUALS:        6
0LENGTH OF THETA:   7
0DEFAULT THETA BOUNDARY TEST OMITTED:    NO
0OMEGA HAS BLOCK FORM:
  1
  0  2
  0  2  2
  0  0  0  3
  0  0  0  0  4
0DEFAULT OMEGA BOUNDARY TEST OMITTED:    NO
0SIGMA HAS SIMPLE DIAGONAL FORM WITH DIMENSION:   1
0DEFAULT SIGMA BOUNDARY TEST OMITTED:    NO
0INITIAL ESTIMATE OF THETA:
 LOWER BOUND    INITIAL EST    UPPER BOUND
  0.0000E+00     0.2300E+01     0.3000E+02
  0.0000E+00     0.2200E+01     0.1000E+03
  0.0000E+00     0.2400E+01     0.3000E+03
  0.0000E+00     0.2700E+01     0.2000E+02
  0.0000E+00     0.2130E+01     0.5000E+01
  0.1000E-02     0.1000E-02     0.1000E-02
  0.0000E+00     0.3000E+00     0.1000E+01
0INITIAL ESTIMATE OF OMEGA:
 BLOCK SET NO.   BLOCK                                                                    FIXED
        1                                                                                   NO
                  0.2000E+00
        2                                                                                   NO
                  0.1600E+00
                  0.1000E-01   0.2500E+00
        3                                                                                  YES
                  0.0000E+00
        4                                                                                  YES
                  0.0000E+00
0INITIAL ESTIMATE OF SIGMA:
 0.1000E+01
0SIGMA CONSTRAINED TO BE THIS INITIAL ESTIMATE
0COVARIANCE STEP OMITTED:        NO
 EIGENVLS. PRINTED:             YES
 SPECIAL COMPUTATION:            NO
 COMPRESSED FORMAT:              NO
 GRADIENT METHOD USED:     NOSLOW
 SIGDIGITS ETAHAT (SIGLO):                  -1
 SIGDIGITS GRADIENTS (SIGL):                -1
 EXCLUDE COV FOR FOCE (NOFCOV):              NO
 Cholesky Transposition of R Matrix (CHOLROFF):0
 KNUTHSUMOFF:                                -1
 RESUME COV ANALYSIS (RESUME):               NO
 SIR SAMPLE SIZE (SIRSAMPLE):
 NON-LINEARLY TRANSFORM THETAS DURING COV (THBND): 1
 PRECONDTIONING CYCLES (PRECOND):        0
 PRECONDTIONING TYPES (PRECONDS):        TOS
 FORCED PRECONDTIONING CYCLES (PFCOND):0
 PRECONDTIONING TYPE (PRETYPE):        0
 FORCED POS. DEFINITE SETTING DURING PRECONDITIONING: (FPOSDEF):0
 SIMPLE POS. DEFINITE SETTING: (POSDEF):-1
0TABLES STEP OMITTED:    NO
 NO. OF TABLES:           2
 SEED NUMBER (SEED):    11456
 RANMETHOD:             3U
 MC SAMPLES (ESAMPLE):    300
 WRES SQUARE ROOT TYPE (WRESCHOL): EIGENVALUE
0-- TABLE   1 --
0RECORDS ONLY:    ALL
04 COLUMNS APPENDED:    YES
 PRINTED:                NO
 HEADER:                YES
 FILE TO BE FORWARDED:   NO
 FORMAT:                S1PE11.4
 IDFORMAT:
 LFORMAT:
 RFORMAT:
 FIXED_EFFECT_ETAS:
0USER-CHOSEN ITEMS:
 ID TIME IPRED IWRES
0-- TABLE   2 --
0RECORDS ONLY:    ALL
04 COLUMNS APPENDED:    NO
 PRINTED:                NO
 HEADER:                YES
 FILE TO BE FORWARDED:   NO
 FORMAT:                S1PE11.4
 IDFORMAT:
 LFORMAT:
 RFORMAT:
 FIXED_EFFECT_ETAS:
0USER-CHOSEN ITEMS:
 ID CL V2 V3 Q KA
0WARNING: THE NUMBER OF PARAMETERS TO BE ESTIMATED
 EXCEEDS THE NUMBER OF INDIVIDUALS WITH DATA.
0WARNING: FOR AN ASYMPTOTIC ESTIMATE OF THE VARIANCE-COVARIANCE MATRIX
 OF THE GRADIENT VECTOR, THE COVARIANCE STEP COMPUTES THE S MATRIX.
 BUT WHEN THE NUMBER OF PARAMETERS TO BE ESTIMATED
 EXCEEDS THE NUMBER OF INDIVIDUALS WITH DATA,
 THIS MATRIX CAN BE SINGULAR AND BE A POOR ASYMPTOTIC ESTIMATE.
1DOUBLE PRECISION PREDPP VERSION 7.5.0

 TWO COMPARTMENT MODEL WITH FIRST-ORDER ABSORPTION (ADVAN4)
0MAXIMUM NO. OF BASIC PK PARAMETERS:   5
0BASIC PK PARAMETERS (AFTER TRANSLATION):
   BASIC PK PARAMETER NO.  1: ELIMINATION RATE (K)
   BASIC PK PARAMETER NO.  2: CENTRAL-TO-PERIPH. RATE (K23)
   BASIC PK PARAMETER NO.  3: PERIPH.-TO-CENTRAL RATE (K32)
   BASIC PK PARAMETER NO.  5: ABSORPTION RATE (KA)
 TRANSLATOR WILL CONVERT PARAMETERS
 CL, V2, Q, V3 TO K, K23, K32 (TRANS4)
0COMPARTMENT ATTRIBUTES
 COMPT. NO.   FUNCTION   INITIAL    ON/OFF      DOSE      DEFAULT    DEFAULT
                         STATUS     ALLOWED    ALLOWED    FOR DOSE   FOR OBS.
    1         DEPOT        OFF        YES        YES        YES        NO
    2         CENTRAL      ON         NO         YES        NO         YES
    3         PERIPH.      ON         NO         YES        NO         NO
    4         OUTPUT       OFF        YES        NO         NO         NO
1
 ADDITIONAL PK PARAMETERS - ASSIGNMENT OF ROWS IN GG
 COMPT. NO.                             INDICES
              SCALE      BIOAVAIL.   ZERO-ORDER  ZERO-ORDER  ABSORB
                         FRACTION    RATE        DURATION    LAG
    1            *           *           *           *           *
    2            *           *           *           *           *
    3            *           *           *           *           *
    4            *           -           -           -           -
             - PARAMETER IS NOT ALLOWED FOR THIS MODEL
             * PARAMETER IS NOT SUPPLIED BY PK SUBROUTINE;
               WILL DEFAULT TO ONE IF APPLICABLE
0DATA ITEM INDICES USED BY PRED ARE:
   EVENT ID DATA ITEM IS DATA ITEM NO.:      6
   TIME DATA ITEM IS DATA ITEM NO.:          2
   DOSE AMOUNT DATA ITEM IS DATA ITEM NO.:   3

0PK SUBROUTINE CALLED WITH EVERY EVENT RECORD.
 PK SUBROUTINE NOT CALLED AT NONEVENT (ADDITIONAL OR LAGGED) DOSE TIMES.
0ERROR SUBROUTINE CALLED WITH EVERY EVENT RECORD.
1


 #TBLN:      1
 #METH: First Order Conditional Estimation with Interaction

 ESTIMATION STEP OMITTED:                 NO
 ANALYSIS TYPE:                           POPULATION
 NUMBER OF SADDLE POINT RESET ITERATIONS:      0
 GRADIENT METHOD USED:               NOSLOW
 CONDITIONAL ESTIMATES USED:              YES
 CENTERED ETA:                            NO
 EPS-ETA INTERACTION:                     YES
 LAPLACIAN OBJ. FUNC.:                    NO
 NO. OF FUNCT. EVALS. ALLOWED:            9999
 NO. OF SIG. FIGURES REQUIRED:            3
 INTERMEDIATE PRINTOUT:                   YES
 ESTIMATE OUTPUT TO MSF:                  NO
 ABORT WITH PRED EXIT CODE 1:             NO
 IND. OBJ. FUNC. VALUES SORTED:           NO
 NUMERICAL DERIVATIVE
       FILE REQUEST (NUMDER):               NONE
 MAP (ETAHAT) ESTIMATION METHOD (OPTMAP):   0
 ETA HESSIAN EVALUATION METHOD (ETADER):    0
 INITIAL ETA FOR MAP ESTIMATION (MCETA):    0
 SIGDIGITS FOR MAP ESTIMATION (SIGLO):      100
 GRADIENT SIGDIGITS OF
       FIXED EFFECTS PARAMETERS (SIGL):     100
 NOPRIOR SETTING (NOPRIOR):                 0
 NOCOV SETTING (NOCOV):                     OFF
 DERCONT SETTING (DERCONT):                 OFF
 FINAL ETA RE-EVALUATION (FNLETA):          1
 EXCLUDE NON-INFLUENTIAL (NON-INFL.) ETAS
       IN SHRINKAGE (ETASTYPE):             NO
 NON-INFL. ETA CORRECTION (NONINFETA):      0
 RAW OUTPUT FILE (FILE): A4401.ext
 EXCLUDE TITLE (NOTITLE):                   NO
 EXCLUDE COLUMN LABELS (NOLABEL):           NO
 FORMAT FOR ADDITIONAL FILES (FORMAT):      S1PE12.5
 PARAMETER ORDER FOR OUTPUTS (ORDER):       TSOL
 KNUTHSUMOFF:                               0
 INCLUDE LNTWOPI:                           NO
 INCLUDE CONSTANT TERM TO PRIOR (PRIORC):   NO
 INCLUDE CONSTANT TERM TO OMEGA (ETA) (OLNTWOPI):NO
 ADDITIONAL CONVERGENCE TEST (CTYPE=4)?:    NO
 EM OR BAYESIAN METHOD USED:                 NONE


 THE FOLLOWING LABELS ARE EQUIVALENT
 PRED=PREDI
 RES=RESI
 WRES=WRESI
 IWRS=IWRESI
 IPRD=IPREDI
 IRS=IRESI

 MONITORING OF SEARCH:


0ITERATION NO.:    0    OBJECTIVE VALUE:   1200.15341323540        NO. OF FUNC. EVALS.:   8
 CUMULATIVE NO. OF FUNC. EVALS.:        8
 NPARAMETR:  2.3000E+00  2.2000E+00  2.4000E+00  2.7000E+00  2.1300E+00  3.0000E-01  2.0000E-01  1.6000E-01  1.0000E-02  2.5000E-01

 PARAMETER:  1.0000E-01  1.0000E-01  1.0000E-01  1.0000E-01  1.0000E-01  1.0000E-01  1.0000E-01  1.0000E-01  1.0000E-01  1.0000E-01

 GRADIENT:  -5.2166E+00 -4.0701E+01  3.5321E+01  1.0647E+01 -8.7445E+01 -5.2883E+02  1.2898E+00 -3.7915E+01  1.5756E+01 -4.6159E+01


0ITERATION NO.:   10    OBJECTIVE VALUE:   821.339382464765        NO. OF FUNC. EVALS.:  94
 CUMULATIVE NO. OF FUNC. EVALS.:      102
 NPARAMETR:  4.4860E+00  5.2503E+00  1.7149E-01  2.7000E-02  1.6612E+00  8.6538E-01  1.7537E-04  6.7749E-03 -2.0384E-02  1.4082E+00

 PARAMETER:  8.5026E-01  1.0015E+00 -2.5462E+00 -6.2978E+00 -2.9992E-01  2.8080E+00 -3.4196E+00 -1.4810E+00 -9.9062E-01  9.4329E-01

 GRADIENT:  -4.7162E+01  5.0990E+01  3.0008E+00  0.0000E+00 -2.2812E+01 -4.7677E+00 -9.0439E-02  3.3607E-01 -6.0411E-01 -3.0371E-01


0ITERATION NO.:   20    OBJECTIVE VALUE:   803.203802855681        NO. OF FUNC. EVALS.:  94
 CUMULATIVE NO. OF FUNC. EVALS.:      196
 NPARAMETR:  1.7659E+00  1.6278E+00  1.0012E-01  2.7000E-02  2.1727E+00  9.4810E-01  2.0000E-05  9.0544E-05  3.8502E-04  3.0279E-01

 PARAMETER: -1.8335E-01 -2.0709E-01 -3.0845E+00 -8.9564E+00  1.3482E-01  3.8525E+00 -5.6975E+00 -3.6385E+00  1.6185E-01  1.9433E-01

 GRADIENT:   1.0547E+01 -1.0169E+01  1.0253E-01  0.0000E+00  4.4927E-01 -1.2443E+00  0.0000E+00  2.8836E-02 -8.4958E-02  2.6911E-01


0ITERATION NO.:   30    OBJECTIVE VALUE:   802.248298331289        NO. OF FUNC. EVALS.:  91
 CUMULATIVE NO. OF FUNC. EVALS.:      287
 NPARAMETR:  1.7930E+00  1.6549E+00  9.8757E-02  2.7000E-02  2.1648E+00  9.9219E-01  2.0000E-05  1.6000E-05  2.1318E-03  2.9455E-01

 PARAMETER: -1.6713E-01 -1.9028E-01 -3.0983E+00 -9.6616E+00  1.2839E-01  5.7914E+00 -7.6489E+00 -4.8381E+00  2.1318E+00 -1.4826E+00

 GRADIENT:   7.7949E-02 -2.5199E-01 -7.5904E-02  0.0000E+00  5.1392E-01 -1.0979E-01  0.0000E+00  0.0000E+00  3.2525E-02  5.3638E-03


0ITERATION NO.:   40    OBJECTIVE VALUE:   802.219847214150        NO. OF FUNC. EVALS.: 183
 CUMULATIVE NO. OF FUNC. EVALS.:      470
 NPARAMETR:  1.8461E+00  1.7066E+00  1.0142E-01  2.7000E-02  2.1376E+00  9.9300E-01  2.0000E-05  1.6000E-05  2.1532E-03  2.9150E-01

 PARAMETER: -1.3610E-01 -1.5900E-01 -3.0716E+00 -9.8071E+00  1.0620E-01  6.6321E+00 -8.5023E+00 -4.8823E+00  2.1532E+00 -2.3833E+00

 GRADIENT:   5.2154E-02 -4.6934E-02 -1.5390E-02  0.0000E+00 -2.7440E-02  0.0000E+00  0.0000E+00  0.0000E+00 -4.1235E-03  4.6443E-04


0ITERATION NO.:   47    OBJECTIVE VALUE:   802.219564295418        NO. OF FUNC. EVALS.: 149
 CUMULATIVE NO. OF FUNC. EVALS.:      619
 NPARAMETR:  1.8470E+00  1.7079E+00  1.0141E-01  2.7000E-02  2.1392E+00  9.9300E-01  2.0000E-05  1.6000E-05  2.1587E-03  2.9127E-01

 PARAMETER: -1.3553E-01 -1.5825E-01 -3.0710E+00 -1.0323E+01  1.0752E-01  8.8752E+00 -1.0875E+01 -5.1029E+00  2.1609E+00 -4.8141E+00

 GRADIENT:   4.0164E-03 -1.9039E-03  2.3730E-03  0.0000E+00 -1.7182E-04  0.0000E+00  0.0000E+00  0.0000E+00  9.6630E-04  0.0000E+00


 #TERM:
0MINIMIZATION TERMINATED
 DUE TO ROUNDING ERRORS (ERROR=134)
 NO. OF FUNCTION EVALUATIONS USED:      619
 NO. OF SIG. DIGITS UNREPORTABLE
0PARAMETER ESTIMATE IS NEAR ITS BOUNDARY

 ETABAR IS THE ARITHMETIC MEAN OF THE ETA-ESTIMATES,
 AND THE P-VALUE IS GIVEN FOR THE NULL HYPOTHESIS THAT THE TRUE MEAN IS 0.

 ETABAR:        -2.0295E-05 -4.9925E-04 -6.7432E-02  0.0000E+00  0.0000E+00
 SE:             5.6045E-05  1.5180E-03  2.0503E-01  0.0000E+00  0.0000E+00
 N:                       6           6           6           6           6

 P VAL.:         7.1727E-01  7.4224E-01  7.4224E-01  1.0000E+00  1.0000E+00

 ETASHRINKSD(%)  9.6637E+01  1.0000E-10  1.0000E-10  0.0000E+00  0.0000E+00
 ETASHRINKVR(%)  9.9887E+01  1.0000E-10  1.0000E-10  0.0000E+00  0.0000E+00
 EBVSHRINKSD(%)  9.5755E+01  1.0252E+01  1.0248E+01  0.0000E+00  0.0000E+00
 EBVSHRINKVR(%)  9.9820E+01  1.9453E+01  1.9447E+01  0.0000E+00  0.0000E+00
 RELATIVEINF(%)  2.0977E-03  1.2100E-07  1.0000E-10  0.0000E+00  0.0000E+00
 EPSSHRINKSD(%)  1.0000E-10
 EPSSHRINKVR(%)  1.0000E-10

  
 TOTAL DATA POINTS NORMALLY DISTRIBUTED (N):           49
 N*LOG(2PI) CONSTANT TO OBJECTIVE FUNCTION:    90.055976254057924     
 OBJECTIVE FUNCTION VALUE WITHOUT CONSTANT:    802.21956429541763     
 OBJECTIVE FUNCTION VALUE WITH CONSTANT:       892.27554054947552     
 REPORTED OBJECTIVE FUNCTION DOES NOT CONTAIN CONSTANT
  
 TOTAL EFFECTIVE ETAS (NIND*NETA):                            18
  
 #TERE:
 Elapsed estimation  time in seconds:     0.70
 Elapsed postprocess time in seconds:     0.02
1
 
 
 
 
 
 
 
 
 
 
 
 
 
 
 
 
 
 
 
 
 ************************************************************************************************************************
 ********************                                                                                ********************
 ********************               FIRST ORDER CONDITIONAL ESTIMATION WITH INTERACTION              ********************
 #OBJT:**************                       MINIMUM VALUE OF OBJECTIVE FUNCTION                      ********************
 ********************                                                                                ********************
 ************************************************************************************************************************
 





 #OBJV:********************************************      802.220       **************************************************
1
 ************************************************************************************************************************
 ********************                                                                                ********************
 ********************               FIRST ORDER CONDITIONAL ESTIMATION WITH INTERACTION              ********************
 ********************                             FINAL PARAMETER ESTIMATE                           ********************
 ********************                                                                                ********************
 ************************************************************************************************************************
 


 THETA - VECTOR OF FIXED EFFECTS PARAMETERS   *********


         TH 1      TH 2      TH 3      TH 4      TH 5      TH 6      TH 7     
 
         1.85E+00  1.71E+00  1.01E-01  2.70E-02  2.14E+00  1.00E-03  9.93E-01
 


 OMEGA - COV MATRIX FOR RANDOM EFFECTS - ETAS  ********


         ETA1      ETA2      ETA3      ETA4      ETA5     
 
 ETA1
+        2.00E-05
 
 ETA2
+        0.00E+00  1.60E-05
 
 ETA3
+        0.00E+00  2.16E-03  2.92E-01
 
 ETA4
+        0.00E+00  0.00E+00  0.00E+00  0.00E+00
 
 ETA5
+        0.00E+00  0.00E+00  0.00E+00  0.00E+00  0.00E+00
 


 SIGMA - COV MATRIX FOR RANDOM EFFECTS - EPSILONS  ****


         EPS1     
 
 EPS1
+        1.00E+00
 
1


 OMEGA - CORR MATRIX FOR RANDOM EFFECTS - ETAS  *******


         ETA1      ETA2      ETA3      ETA4      ETA5     
 
 ETA1
+        4.47E-03
 
 ETA2
+        0.00E+00  4.00E-03
 
 ETA3
+        0.00E+00  1.00E+00  5.40E-01
 
 ETA4
+        0.00E+00  0.00E+00  0.00E+00  0.00E+00
 
 ETA5
+        0.00E+00  0.00E+00  0.00E+00  0.00E+00  0.00E+00
 


 SIGMA - CORR MATRIX FOR RANDOM EFFECTS - EPSILONS  ***


         EPS1     
 
 EPS1
+        1.00E+00
 
 Elapsed finaloutput time in seconds:     0.00
 #CPUT: Total CPU Time in Seconds,        0.736
Stop Time:
Wed Jan  5 08:56:27 UTC 2022
