Wed Jan  5 05:54:05 UTC 2022
$PROBLEM TWO COMPARTMENT ORAL

$DATA pk_oral2_full_dos.csv IGNORE=#

$INPUT ID TIME AMT DV MDV CMT DOS

$SUBROUTINE ADVAN5

$MODEL
  COMP(DEPOT, DEFDOSE)
  COMP(CENT, DEFOBS)
  COMP(PERI)

$PK
  CL = THETA(1) * EXP(ETA(1))
  V2 = THETA(2) * EXP(ETA(2))
  V3 = THETA(3) * EXP(ETA(3))
  Q = THETA(4) * EXP(ETA(4))
  KA = THETA(5) * EXP(ETA(5))
  F1 = THETA(6) + THETA(7) * LOG(DOS)

  K12 = KA
  K20 = CL/V2
  K23 = Q/V2
  K32 = Q/V3

$ERROR
  IPRED = F
  W = SQRT(THETA(8)**2 + THETA(9)**2 * IPRED**2)
  IRES = DV - IPRED
  IWRES = IRES / W
  Y = IPRED + W * EPS(1)

$THETA
  (0,100) ; CL
  (0,700) ; V2
  (0,70) ; Q
  (0,500) ; V3
  (0,1) ;POPKA
  0.5 ;FINT
  (0, 0.1) ; FD
  10
  .5

$OMEGA
  .25 ;BSVCL/F
  .25 ;BSVV/F
  .25 ;BSVV3/F
  0 FIX ;BSVQ/F
  .25 ;BSVKA

$SIGMA
  1 FIX ;ERRCV

$ESTIMATION METHOD=0 POSTHOC MAXEVAL=9999 PRINT=5 

$COVARIANCE PRINT=E

$TABLE ID TIME IPRED IWRES DV NOPRINT ONEHEADER FILE=sdtab4404
$TABLE ID CL V2 Q V3 KA F1 NOPRINT ONEHEADER NOAPPEND FILE=patab4404


NM-TRAN MESSAGES
  
 WARNINGS AND ERRORS (IF ANY) FOR PROBLEM    1
             
 (WARNING  2) NM-TRAN INFERS THAT THE DATA ARE POPULATION.

License Registered to: Seoul St Marys Hospital
Expiration Date:    14 JUN 2022
Current Date:        5 JAN 2022
Days until program expires : 159
1NONLINEAR MIXED EFFECTS MODEL PROGRAM (NONMEM) VERSION 7.5.0
 ORIGINALLY DEVELOPED BY STUART BEAL, LEWIS SHEINER, AND ALISON BOECKMANN
 CURRENT DEVELOPERS ARE ROBERT BAUER, ICON DEVELOPMENT SOLUTIONS,
 AND ALISON BOECKMANN. IMPLEMENTATION, EFFICIENCY, AND STANDARDIZATION
 PERFORMED BY NOUS INFOSYSTEMS.

 PROBLEM NO.:         1
 TWO COMPARTMENT ORAL
0DATA CHECKOUT RUN:              NO
 DATA SET LOCATED ON UNIT NO.:    2
 THIS UNIT TO BE REWOUND:        NO
 NO. OF DATA RECS IN DATA SET:       94
 NO. OF DATA ITEMS IN DATA SET:   8
 ID DATA ITEM IS DATA ITEM NO.:   1
 DEP VARIABLE IS DATA ITEM NO.:   4
 MDV DATA ITEM IS DATA ITEM NO.:  5
0INDICES PASSED TO SUBROUTINE PRED:
   8   2   3   0   0   0   6   0   0   0   0
0LABELS FOR DATA ITEMS:
 ID TIME AMT DV MDV CMT DOS EVID
0(NONBLANK) LABELS FOR PRED-DEFINED ITEMS:
 CL V2 V3 Q KA F1 IPRED IWRES
0FORMAT FOR DATA:
 (7E7.0,1F2.0)

 TOT. NO. OF OBS RECS:       76
 TOT. NO. OF INDIVIDUALS:        9
0LENGTH OF THETA:   9
0DEFAULT THETA BOUNDARY TEST OMITTED:    NO
0OMEGA HAS BLOCK FORM:
  1
  0  2
  0  0  3
  0  0  0  4
  0  0  0  0  5
0DEFAULT OMEGA BOUNDARY TEST OMITTED:    NO
0SIGMA HAS SIMPLE DIAGONAL FORM WITH DIMENSION:   1
0DEFAULT SIGMA BOUNDARY TEST OMITTED:    NO
0INITIAL ESTIMATE OF THETA:
 LOWER BOUND    INITIAL EST    UPPER BOUND
  0.0000E+00     0.1000E+03     0.1000E+07
  0.0000E+00     0.7000E+03     0.1000E+07
  0.0000E+00     0.7000E+02     0.1000E+07
  0.0000E+00     0.5000E+03     0.1000E+07
  0.0000E+00     0.1000E+01     0.1000E+07
 -0.1000E+07     0.5000E+00     0.1000E+07
  0.0000E+00     0.1000E+00     0.1000E+07
 -0.1000E+07     0.1000E+02     0.1000E+07
 -0.1000E+07     0.5000E+00     0.1000E+07
0INITIAL ESTIMATE OF OMEGA:
 BLOCK SET NO.   BLOCK                                                                    FIXED
        1                                                                                   NO
                  0.2500E+00
        2                                                                                   NO
                  0.2500E+00
        3                                                                                   NO
                  0.2500E+00
        4                                                                                  YES
                  0.0000E+00
        5                                                                                   NO
                  0.2500E+00
0INITIAL ESTIMATE OF SIGMA:
 0.1000E+01
0SIGMA CONSTRAINED TO BE THIS INITIAL ESTIMATE
0COVARIANCE STEP OMITTED:        NO
 EIGENVLS. PRINTED:             YES
 SPECIAL COMPUTATION:            NO
 COMPRESSED FORMAT:              NO
 GRADIENT METHOD USED:     NOSLOW
 SIGDIGITS ETAHAT (SIGLO):                  -1
 SIGDIGITS GRADIENTS (SIGL):                -1
 EXCLUDE COV FOR FOCE (NOFCOV):              NO
 Cholesky Transposition of R Matrix (CHOLROFF):0
 KNUTHSUMOFF:                                -1
 RESUME COV ANALYSIS (RESUME):               NO
 SIR SAMPLE SIZE (SIRSAMPLE):
 NON-LINEARLY TRANSFORM THETAS DURING COV (THBND): 1
 PRECONDTIONING CYCLES (PRECOND):        0
 PRECONDTIONING TYPES (PRECONDS):        TOS
 FORCED PRECONDTIONING CYCLES (PFCOND):0
 PRECONDTIONING TYPE (PRETYPE):        0
 FORCED POS. DEFINITE SETTING DURING PRECONDITIONING: (FPOSDEF):0
 SIMPLE POS. DEFINITE SETTING: (POSDEF):-1
0TABLES STEP OMITTED:    NO
 NO. OF TABLES:           2
 SEED NUMBER (SEED):    11456
 RANMETHOD:             3U
 MC SAMPLES (ESAMPLE):    300
 WRES SQUARE ROOT TYPE (WRESCHOL): EIGENVALUE
0-- TABLE   1 --
0RECORDS ONLY:    ALL
04 COLUMNS APPENDED:    YES
 PRINTED:                NO
 HEADER:                YES
 FILE TO BE FORWARDED:   NO
 FORMAT:                S1PE11.4
 IDFORMAT:
 LFORMAT:
 RFORMAT:
 FIXED_EFFECT_ETAS:
0USER-CHOSEN ITEMS:
 ID TIME IPRED IWRES
0-- TABLE   2 --
0RECORDS ONLY:    ALL
04 COLUMNS APPENDED:    NO
 PRINTED:                NO
 HEADER:                YES
 FILE TO BE FORWARDED:   NO
 FORMAT:                S1PE11.4
 IDFORMAT:
 LFORMAT:
 RFORMAT:
 FIXED_EFFECT_ETAS:
0USER-CHOSEN ITEMS:
 ID CL V2 Q V3 KA F1
0WARNING: THE NUMBER OF PARAMETERS TO BE ESTIMATED
 EXCEEDS THE NUMBER OF INDIVIDUALS WITH DATA.
0WARNING: FOR AN ASYMPTOTIC ESTIMATE OF THE VARIANCE-COVARIANCE MATRIX
 OF THE GRADIENT VECTOR, THE COVARIANCE STEP COMPUTES THE S MATRIX.
 BUT WHEN THE NUMBER OF PARAMETERS TO BE ESTIMATED
 EXCEEDS THE NUMBER OF INDIVIDUALS WITH DATA,
 THIS MATRIX CAN BE SINGULAR AND BE A POOR ASYMPTOTIC ESTIMATE.
1DOUBLE PRECISION PREDPP VERSION 7.5.0

 GENERAL LINEAR KINETICS MODEL (ADVAN5)
0MODEL SUBROUTINE USER-SUPPLIED - ID NO. 9999
0MAXIMUM NO. OF BASIC PK PARAMETERS:   4
0RATE CONSTANT PARAMETERS - ASSIGNMENT OF ROWS IN GG
            TO COMPT.
  FROM      1    2    3    4
  COMPT.
    1       *    1    -    -
    2       -    *    3    2
    3       -    4    *    -
             * LINK FROM A COMPARTMENT TO ITSELF IS NOT POSSIBLE
             - LINK BETWEEN THESE COMPARTMENTS IS NOT DEFINED FOR THIS MODEL
0COMPARTMENT ATTRIBUTES
 COMPT. NO.   FUNCTION   INITIAL    ON/OFF      DOSE      DEFAULT    DEFAULT
                         STATUS     ALLOWED    ALLOWED    FOR DOSE   FOR OBS.
    1         DEPOT        ON         YES        YES        YES        NO
    2         CENT         ON         YES        YES        NO         YES
    3         PERI         ON         YES        YES        NO         NO
    4         OUTPUT       OFF        YES        NO         NO         NO
1
 ADDITIONAL PK PARAMETERS - ASSIGNMENT OF ROWS IN GG
 COMPT. NO.                             INDICES
              SCALE      BIOAVAIL.   ZERO-ORDER  ZERO-ORDER  ABSORB
                         FRACTION    RATE        DURATION    LAG
    1            *           5           *           *           *
    2            *           *           *           *           *
    3            *           *           *           *           *
    4            *           -           -           -           -
             - PARAMETER IS NOT ALLOWED FOR THIS MODEL
             * PARAMETER IS NOT SUPPLIED BY PK SUBROUTINE;
               WILL DEFAULT TO ONE IF APPLICABLE
0DATA ITEM INDICES USED BY PRED ARE:
   EVENT ID DATA ITEM IS DATA ITEM NO.:      8
   TIME DATA ITEM IS DATA ITEM NO.:          2
   DOSE AMOUNT DATA ITEM IS DATA ITEM NO.:   3
   COMPT. NO. DATA ITEM IS DATA ITEM NO.:    6

0PK SUBROUTINE CALLED WITH EVERY EVENT RECORD.
 PK SUBROUTINE NOT CALLED AT NONEVENT (ADDITIONAL OR LAGGED) DOSE TIMES.
0ERROR SUBROUTINE CALLED WITH EVERY EVENT RECORD.
1


 #TBLN:      1
 #METH: First Order

 ESTIMATION STEP OMITTED:                 NO
 ANALYSIS TYPE:                           POPULATION
 NUMBER OF SADDLE POINT RESET ITERATIONS:      0
 GRADIENT METHOD USED:               NOSLOW
 EPS-ETA INTERACTION:                     NO
 POP. ETAS OBTAINED POST HOC:             YES
 NO. OF FUNCT. EVALS. ALLOWED:            9999
 NO. OF SIG. FIGURES REQUIRED:            3
 INTERMEDIATE PRINTOUT:                   YES
 ESTIMATE OUTPUT TO MSF:                  NO
 IND. OBJ. FUNC. VALUES SORTED:           NO
 NUMERICAL DERIVATIVE
       FILE REQUEST (NUMDER):               NONE
 MAP (ETAHAT) ESTIMATION METHOD (OPTMAP):   0
 ETA HESSIAN EVALUATION METHOD (ETADER):    0
 INITIAL ETA FOR MAP ESTIMATION (MCETA):    0
 SIGDIGITS FOR MAP ESTIMATION (SIGLO):      100
 GRADIENT SIGDIGITS OF
       FIXED EFFECTS PARAMETERS (SIGL):     100
 NOPRIOR SETTING (NOPRIOR):                 0
 NOCOV SETTING (NOCOV):                     OFF
 DERCONT SETTING (DERCONT):                 OFF
 FINAL ETA RE-EVALUATION (FNLETA):          1
 EXCLUDE NON-INFLUENTIAL (NON-INFL.) ETAS
       IN SHRINKAGE (ETASTYPE):             NO
 NON-INFL. ETA CORRECTION (NONINFETA):      0
 RAW OUTPUT FILE (FILE): A4404.ext
 EXCLUDE TITLE (NOTITLE):                   NO
 EXCLUDE COLUMN LABELS (NOLABEL):           NO
 FORMAT FOR ADDITIONAL FILES (FORMAT):      S1PE12.5
 PARAMETER ORDER FOR OUTPUTS (ORDER):       TSOL
 KNUTHSUMOFF:                               0
 INCLUDE LNTWOPI:                           NO
 INCLUDE CONSTANT TERM TO PRIOR (PRIORC):   NO
 INCLUDE CONSTANT TERM TO OMEGA (ETA) (OLNTWOPI):NO
 ADDITIONAL CONVERGENCE TEST (CTYPE=4)?:    NO
 EM OR BAYESIAN METHOD USED:                 NONE


 THE FOLLOWING LABELS ARE EQUIVALENT
 PRED=NPRED
 RES=NRES
 WRES=NWRES
 IWRS=NIWRES
 IPRD=NIPRED
 IRS=NIRES

 MONITORING OF SEARCH:


0ITERATION NO.:    0    OBJECTIVE VALUE:   1657.37673692625        NO. OF FUNC. EVALS.:  11
 CUMULATIVE NO. OF FUNC. EVALS.:       11
 NPARAMETR:  1.0000E+02  7.0000E+02  7.0000E+01  5.0000E+02  1.0000E+00  5.0000E-01  1.0000E-01  1.0000E+01  5.0000E-01  2.5000E-01
             2.5000E-01  2.5000E-01  2.5000E-01
 PARAMETER:  1.0000E-01  1.0000E-01  1.0000E-01  1.0000E-01  1.0000E-01  1.0000E-01  1.0000E-01  1.0000E-01  1.0000E-01  1.0000E-01
             1.0000E-01  1.0000E-01  1.0000E-01
 GRADIENT:  -7.2557E+01  7.3335E+01 -1.6530E+00  8.7046E-01 -2.6189E+01  1.1420E+02  3.1384E+01 -6.5830E-03 -7.6131E+02  2.1155E+00
            -2.8961E+00 -8.6980E-01 -1.0976E+01

0ITERATION NO.:    5    OBJECTIVE VALUE:   1423.88249961508        NO. OF FUNC. EVALS.:  66
 CUMULATIVE NO. OF FUNC. EVALS.:       77
 NPARAMETR:  2.5276E+02  2.9092E+02  6.7458E+01  4.9394E+02  1.5078E+00 -5.1758E-01  8.0396E-02  1.0149E+01  1.7905E+00  2.3107E-01
             2.3672E-01  2.5056E-01  2.8247E-01
 PARAMETER:  1.0273E+00 -7.7804E-01  6.3015E-02  8.7797E-02  5.1064E-01 -1.0352E-01 -1.1821E-01  1.0149E-01  3.5810E-01  6.0627E-02
             7.2713E-02  1.0111E-01  1.6106E-01
 GRADIENT:   3.4906E+01 -8.3371E+01  4.5775E+01  4.4954E+00 -1.6907E+02 -4.9304E+03 -8.2756E+02 -1.3517E+01 -7.7473E+02  6.8191E+00
             3.5032E+00 -1.1659E+00 -1.4772E+01

0ITERATION NO.:   10    OBJECTIVE VALUE:   1323.83023524252        NO. OF FUNC. EVALS.:  63
 CUMULATIVE NO. OF FUNC. EVALS.:      140
 NPARAMETR:  1.4326E+02  1.7091E+02  3.1829E+01  8.3675E+02  1.9886E+00  1.9423E-01  3.4062E-02 -1.2987E+01  1.8548E+00  4.2461E-03
             1.8732E-02  3.0316E-01  5.2781E-01
 PARAMETER:  4.5952E-01 -1.3099E+00 -6.8812E-01  6.1491E-01  7.8745E-01  3.8846E-02 -9.7699E-01 -1.2987E-01  3.7096E-01 -1.9377E+00
            -1.1956E+00  1.9640E-01  4.7364E-01
 GRADIENT:   1.3451E+01 -8.8246E+00 -1.2360E+00 -8.0560E-01 -2.0026E-01  1.2608E+01  3.2139E+00 -2.7800E+01  4.2019E+01 -5.4524E-02
            -6.1636E-02 -5.0249E-01  2.1092E-01

0ITERATION NO.:   15    OBJECTIVE VALUE:   1321.69746953395        NO. OF FUNC. EVALS.:  85
 CUMULATIVE NO. OF FUNC. EVALS.:      225
 NPARAMETR:  3.2132E+01  3.8901E+01  7.5814E+00  1.2500E+03  2.2997E+00  2.1443E-01  3.3272E-02 -1.1045E+01  1.7615E+00  2.4612E-03
             1.5654E-02  7.3343E-01  5.1266E-01
 PARAMETER: -1.0353E+00 -2.7901E+00 -2.1228E+00  1.0163E+00  9.3278E-01  4.2886E-02 -1.0004E+00 -1.1045E-01  3.5230E-01 -2.2104E+00
            -1.2854E+00  6.3813E-01  4.5908E-01
 GRADIENT:  -1.6711E+01  1.6102E+01  7.5871E-01 -1.7758E-01  4.0033E+00  7.8223E+01  7.8273E+00 -4.1668E+00  5.7289E+01  7.8872E-02
             4.8322E-01 -5.5705E-01  1.0503E+00

0ITERATION NO.:   20    OBJECTIVE VALUE:   1317.85683162813        NO. OF FUNC. EVALS.: 106
 CUMULATIVE NO. OF FUNC. EVALS.:      331
 NPARAMETR:  2.6286E+01  2.7544E+01  1.0630E+01  5.8554E+03  2.3267E+00  4.5478E-01  2.9088E-02 -1.2346E+01  1.3309E+00  1.8769E-03
             1.0988E-03  4.6626E-01  1.9668E-02
 PARAMETER: -1.2361E+00 -3.1353E+00 -1.7848E+00  2.5605E+00  9.4445E-01  9.0955E-02 -1.1349E+00 -1.2346E-01  2.6619E-01 -2.3459E+00
            -2.6136E+00  4.1164E-01 -1.1712E+00
 GRADIENT:   2.0016E-01 -3.2168E+00  3.0903E+00 -8.8107E-02 -1.8386E+00 -9.8177E+01 -4.7760E+00 -2.3189E+01 -2.6803E+01  1.5773E-01
             7.0391E-02 -1.1416E+00 -3.2928E-03

0ITERATION NO.:   25    OBJECTIVE VALUE:   1316.64566971425        NO. OF FUNC. EVALS.: 105
 CUMULATIVE NO. OF FUNC. EVALS.:      436
 NPARAMETR:  1.4116E+01  1.4245E+01  5.9483E+00  1.4706E+04  2.1959E+00  6.4074E-01  2.4982E-02 -1.0957E+01  1.2181E+00  8.8661E-04
             3.1785E-04  4.8583E-01  3.9966E-03
 PARAMETER: -1.8578E+00 -3.7946E+00 -2.3654E+00  3.4814E+00  8.8660E-01  1.2815E-01 -1.2870E+00 -1.0957E-01  2.4363E-01 -2.7209E+00
            -3.2338E+00  4.3220E-01 -1.9680E+00
 GRADIENT:  -1.2129E+01  9.6582E+00  2.4789E+00 -2.0093E-02 -7.9065E-01  1.7293E+01  2.0549E+00 -7.9218E-01  2.4676E+00  1.2154E-01
             2.9915E-02  1.7732E-01  3.6238E-03

0ITERATION NO.:   30    OBJECTIVE VALUE:   1316.36161347532        NO. OF FUNC. EVALS.: 106
 CUMULATIVE NO. OF FUNC. EVALS.:      542
 NPARAMETR:  1.0211E+01  9.0250E+00  5.5108E+00  1.5008E+04  2.1975E+00  7.8737E-01  2.1858E-02 -1.0915E+01  1.2434E+00  2.5000E-05
             1.7333E-03  3.2100E-01  8.5953E-04
 PARAMETER: -2.1817E+00 -4.2511E+00 -2.4418E+00  3.5017E+00  8.8731E-01  1.5747E-01 -1.4206E+00 -1.0915E-01  2.4868E-01 -4.9522E+00
            -2.3857E+00  2.2499E-01 -2.7364E+00
 GRADIENT:   2.0979E+00 -5.7642E-02 -2.0146E+00 -2.3240E-02  5.7670E-01  1.0734E+01  1.3218E+00  1.2279E+00  5.3320E+00  0.0000E+00
             1.2772E-01 -1.6975E-01  1.2442E-03

0ITERATION NO.:   35    OBJECTIVE VALUE:   1316.06701071931        NO. OF FUNC. EVALS.: 111
 CUMULATIVE NO. OF FUNC. EVALS.:      653
 NPARAMETR:  1.0467E+01  7.6181E+00  7.4524E+00  3.1836E+04  2.2334E+00  1.0461E+00  1.7305E-02 -1.1066E+01  1.2423E+00  2.5000E-05
             2.8584E-04  1.9328E-01  3.7218E-05
 PARAMETER: -2.1569E+00 -4.4206E+00 -2.1400E+00  4.2537E+00  9.0353E-01  2.0922E-01 -1.6542E+00 -1.1066E-01  2.4847E-01 -6.9809E+00
            -3.2869E+00 -2.8653E-02 -4.3062E+00
 GRADIENT:  -2.0462E+01  1.1385E+01  9.1104E+00 -2.1358E-02 -7.1581E-01  9.5915E+00  9.1443E-01 -3.1091E+00  3.2567E+00  0.0000E+00
             1.7936E-02  7.7783E-01  5.1230E-05

0ITERATION NO.:   40    OBJECTIVE VALUE:   1315.80162691827        NO. OF FUNC. EVALS.: 106
 CUMULATIVE NO. OF FUNC. EVALS.:      759
 NPARAMETR:  1.5976E+01  9.1895E+00  1.3792E+01  1.7576E+05  2.2008E+00  1.4096E+00  1.2433E-02 -1.0922E+01  1.2518E+00  2.5000E-05
             2.5000E-05  1.3197E-01  2.5000E-05
 PARAMETER: -1.7341E+00 -4.2330E+00 -1.5244E+00  5.9622E+00  8.8884E-01  2.8191E-01 -1.9849E+00 -1.0922E-01  2.5037E-01 -8.3685E+00
            -6.8372E+00 -2.1944E-01 -6.4759E+00
 GRADIENT:  -1.4389E+01  5.3931E+00  9.0142E+00 -8.6846E-03 -1.5653E+00 -1.8521E+00  2.5862E-01  2.9287E-01 -3.3235E+00  0.0000E+00
             0.0000E+00  4.9258E-01  0.0000E+00

0ITERATION NO.:   45    OBJECTIVE VALUE:   1315.64061740191        NO. OF FUNC. EVALS.: 106
 CUMULATIVE NO. OF FUNC. EVALS.:      865
 NPARAMETR:  2.3078E+01  1.1078E+01  2.1911E+01  1.3154E+06  2.2039E+00  1.7403E+00  9.1417E-03 -1.0950E+01  1.2660E+00  2.5000E-05
             2.5000E-05  1.1214E-01  2.5000E-05
 PARAMETER: -1.3663E+00 -4.0461E+00 -1.0615E+00  7.9750E+00  8.9021E-01  3.4806E-01 -2.2923E+00 -1.0950E-01  2.5320E-01 -8.9071E+00
            -1.0838E+01 -3.0087E-01 -8.4398E+00
 GRADIENT:   2.6882E+00 -1.4610E+00 -1.2189E+00 -1.9555E-03  2.2555E-01 -2.8661E+00  1.2042E-01  7.8232E-01 -7.1784E-01  0.0000E+00
             0.0000E+00 -8.0259E-02  0.0000E+00

0ITERATION NO.:   50    OBJECTIVE VALUE:   1315.53453471065        NO. OF FUNC. EVALS.: 108
 CUMULATIVE NO. OF FUNC. EVALS.:      973
 NPARAMETR:  4.7183E+01  1.6088E+01  5.1589E+01  3.2323E+08  2.1947E+00  2.5359E+00  4.3462E-03 -1.0998E+01  1.2629E+00  2.5000E-05
             2.5000E-05  8.4399E-02  2.5000E-05
 PARAMETER: -6.5114E-01 -3.6730E+00 -2.0518E-01  1.3479E+01  8.8606E-01  5.0718E-01 -3.0359E+00 -1.0998E-01  2.5258E-01 -9.1197E+00
            -2.0441E+01 -4.4295E-01 -1.2934E+01
 GRADIENT:  -3.8799E+00 -6.9946E-01  4.5792E+00 -2.1321E-05 -9.1251E-01 -4.1475E+00  2.1811E-02 -6.0411E-01 -5.2996E+00  0.0000E+00
             0.0000E+00  1.3745E-01  0.0000E+00

0ITERATION NO.:   55    OBJECTIVE VALUE:   1315.48567742968        NO. OF FUNC. EVALS.: 107
 CUMULATIVE NO. OF FUNC. EVALS.:     1080
 NPARAMETR:  7.9205E+01  2.1280E+01  9.2038E+01  9.5281E+10  2.1881E+00  3.2726E+00  2.1637E-03 -1.0962E+01  1.2581E+00  2.5000E-05
             2.5000E-05  7.4207E-02  2.5000E-05
 PARAMETER: -1.3313E-01 -3.3933E+00  3.7370E-01  1.9165E+01  8.8304E-01  6.5452E-01 -3.7334E+00 -1.0962E-01  2.5163E-01 -8.4596E+00
            -2.9276E+01 -5.0730E-01 -1.6907E+01
 GRADIENT:   1.8379E+00 -1.9322E+00  7.8310E-02  2.4639E-05 -4.0843E-01 -3.0211E+00  9.1461E-03  5.3726E-01 -5.2948E+00  0.0000E+00
             0.0000E+00 -6.9065E-02  0.0000E+00

0ITERATION NO.:   60    OBJECTIVE VALUE:   1315.47556514456        NO. OF FUNC. EVALS.: 106
 CUMULATIVE NO. OF FUNC. EVALS.:     1186
 NPARAMETR:  9.0404E+01  2.2896E+01  1.0635E+02  5.3503E+11  2.1947E+00  3.4858E+00  1.7637E-03 -1.0982E+01  1.2629E+00  2.5000E-05
             2.5000E-05  7.2711E-02  2.5000E-05
 PARAMETER: -8.7988E-04 -3.3201E+00  5.1821E-01  2.0891E+01  8.8603E-01  6.9715E-01 -3.9378E+00 -1.0982E-01  2.5257E-01 -8.1820E+00
            -3.1791E+01 -5.1748E-01 -1.8041E+01
 GRADIENT:   1.4946E+00 -4.3135E-01 -1.0753E+00  2.0807E-04  2.3647E-01 -3.2409E-01  1.6605E-02  1.5029E-01  8.7002E-01  0.0000E+00
             0.0000E+00 -5.5335E-02  0.0000E+00

0ITERATION NO.:   65    OBJECTIVE VALUE:   1315.47315808966        NO. OF FUNC. EVALS.: 108
 CUMULATIVE NO. OF FUNC. EVALS.:     1294
 NPARAMETR:  9.1279E+01  2.2935E+01  1.0759E+02  7.7440E+11  2.1871E+00  3.5325E+00  1.6883E-03 -1.0985E+01  1.2555E+00  2.5000E-05
             2.5000E-05  7.1940E-02  2.5000E-05
 PARAMETER:  8.7520E-03 -3.3184E+00  5.2982E-01  2.1261E+01  8.8260E-01  7.0651E-01 -3.9814E+00 -1.0985E-01  2.5110E-01 -8.1009E+00
            -3.2243E+01 -5.2281E-01 -1.8265E+01
 GRADIENT:  -4.3204E-01  2.3465E-02  2.3259E-01 -1.9005E-04 -8.0953E-02 -6.7817E-02  1.6818E-02 -2.2340E-02 -2.4971E-01  0.0000E+00
             0.0000E+00  2.5274E-02  0.0000E+00

0ITERATION NO.:   70    OBJECTIVE VALUE:   1315.47031078527        NO. OF FUNC. EVALS.: 111
 CUMULATIVE NO. OF FUNC. EVALS.:     1405
 NPARAMETR:  8.9997E+01  2.1190E+01  1.0762E+02  4.5802E+12  2.1869E+00  3.7772E+00  1.3351E-03 -1.1016E+01  1.2518E+00  2.5000E-05
             2.5000E-05  6.8837E-02  2.5000E-05
 PARAMETER: -5.3918E-03 -3.3976E+00  5.3010E-01  2.3038E+01  8.8249E-01  7.5543E-01 -4.2161E+00 -1.1016E-01  2.5036E-01 -8.0438E+00
            -3.4681E+01 -5.4486E-01 -1.9478E+01
 GRADIENT:  -9.0462E-01 -2.7779E-01  2.0896E+00  9.4847E-03 -3.3233E-01 -7.1518E-01  1.0608E-02 -7.5099E-01 -2.3691E+00  0.0000E+00
             0.0000E+00 -3.9628E-04  0.0000E+00

0ITERATION NO.:   75    OBJECTIVE VALUE:   1315.46668746298        NO. OF FUNC. EVALS.: 108
 CUMULATIVE NO. OF FUNC. EVALS.:     1513             RESET HESSIAN, TYPE I
 NPARAMETR:  9.0085E+01  2.1329E+01  1.0750E+02  3.9634E+12  2.1956E+00  3.7647E+00  1.0000E-03 -1.0972E+01  1.2558E+00  2.5000E-05
             2.5000E-05  6.9485E-02  2.5000E-05
 PARAMETER: -4.4139E-03 -3.3910E+00  5.2902E-01  2.2894E+01  8.8644E-01  7.5294E-01 -5.5538E+00 -1.0972E-01  2.5115E-01 -8.0404E+00
            -3.4510E+01 -5.4017E-01 -1.9391E+01
 GRADIENT:  -6.4661E-01  1.5203E+00  5.4872E-01  1.2827E-02  3.6792E-01  1.1839E+00  0.0000E+00  3.6259E-01  2.7509E+00  0.0000E+00
             0.0000E+00 -1.9396E-02  0.0000E+00

0ITERATION NO.:   80    OBJECTIVE VALUE:   1315.46549990465        NO. OF FUNC. EVALS.:  80
 CUMULATIVE NO. OF FUNC. EVALS.:     1593
 NPARAMETR:  9.0084E+01  2.1309E+01  1.0752E+02  3.8736E+12  2.1874E+00  3.7622E+00  1.0000E-03 -1.0987E+01  1.2552E+00  2.5000E-05
             2.5000E-05  6.9935E-02  2.5000E-05
 PARAMETER: -4.4249E-03 -3.3920E+00  5.2914E-01  2.2871E+01  8.8271E-01  7.5243E-01 -5.7565E+00 -1.0987E-01  2.5103E-01 -8.0404E+00
            -3.4510E+01 -5.3694E-01 -1.9391E+01
 GRADIENT:  -8.7182E-01  2.0838E-02  2.3969E-01 -1.7268E-04 -6.6055E-02 -4.0111E-02  0.0000E+00 -6.4155E-02 -2.2262E-01  0.0000E+00
             0.0000E+00  1.0133E-02  0.0000E+00

0ITERATION NO.:   84    OBJECTIVE VALUE:   1315.46539057024        NO. OF FUNC. EVALS.:  54
 CUMULATIVE NO. OF FUNC. EVALS.:     1647
 NPARAMETR:  9.0084E+01  2.1310E+01  1.0750E+02  3.8031E+12  2.1882E+00  3.7622E+00  1.0000E-03 -1.0985E+01  1.2553E+00  2.5000E-05
             2.5000E-05  6.9940E-02  2.5000E-05
 PARAMETER: -4.4246E-03 -3.3919E+00  5.2903E-01  2.2852E+01  8.8307E-01  7.5243E-01 -5.7395E+00 -1.0985E-01  2.5107E-01 -8.0404E+00
            -3.4510E+01 -5.3691E-01 -1.9391E+01
 GRADIENT:   1.7735E-01  5.3818E-02  3.0494E-01 -6.6337E-04 -8.9294E-03  1.6650E-02  0.0000E+00 -8.2154E-03 -2.8970E-02  0.0000E+00
             0.0000E+00  6.2776E-05  0.0000E+00

 #TERM:
0MINIMIZATION SUCCESSFUL
 NO. OF FUNCTION EVALUATIONS USED:     1647
 NO. OF SIG. DIGITS IN FINAL EST.:  3.4
0PARAMETER ESTIMATE IS NEAR ITS BOUNDARY
 THIS MUST BE ADDRESSED BEFORE THE COVARIANCE STEP CAN BE IMPLEMENTED
  
 TOTAL DATA POINTS NORMALLY DISTRIBUTED (N):           76
 N*LOG(2PI) CONSTANT TO OBJECTIVE FUNCTION:    139.67865704711025     
 OBJECTIVE FUNCTION VALUE WITHOUT CONSTANT:    1315.4653905702437     
 OBJECTIVE FUNCTION VALUE WITH CONSTANT:       1455.1440476173539     
 REPORTED OBJECTIVE FUNCTION DOES NOT CONTAIN CONSTANT
  
 TOTAL EFFECTIVE ETAS (NIND*NETA):                            36
  
 #TERE:
 Elapsed estimation  time in seconds:     2.81
 Elapsed postprocess time in seconds:     0.05
1
 
 
 
 
 
 
 
 
 
 
 
 
 
 
 
 
 
 
 
 
 ************************************************************************************************************************
 ********************                                                                                ********************
 ********************                                   FIRST ORDER                                  ********************
 #OBJT:**************                       MINIMUM VALUE OF OBJECTIVE FUNCTION                      ********************
 ********************                                                                                ********************
 ************************************************************************************************************************
 





 #OBJV:********************************************     1315.465       **************************************************
1
 ************************************************************************************************************************
 ********************                                                                                ********************
 ********************                                   FIRST ORDER                                  ********************
 ********************                             FINAL PARAMETER ESTIMATE                           ********************
 ********************                                                                                ********************
 ************************************************************************************************************************
 


 THETA - VECTOR OF FIXED EFFECTS PARAMETERS   *********


         TH 1      TH 2      TH 3      TH 4      TH 5      TH 6      TH 7      TH 8      TH 9     
 
         9.01E+01  2.13E+01  1.08E+02  3.80E+12  2.19E+00  3.76E+00  1.00E-03 -1.10E+01  1.26E+00
 


 OMEGA - COV MATRIX FOR RANDOM EFFECTS - ETAS  ********


         ETA1      ETA2      ETA3      ETA4      ETA5     
 
 ETA1
+        2.50E-05
 
 ETA2
+        0.00E+00  2.50E-05
 
 ETA3
+        0.00E+00  0.00E+00  6.99E-02
 
 ETA4
+        0.00E+00  0.00E+00  0.00E+00  0.00E+00
 
 ETA5
+        0.00E+00  0.00E+00  0.00E+00  0.00E+00  2.50E-05
 


 SIGMA - COV MATRIX FOR RANDOM EFFECTS - EPSILONS  ****


         EPS1     
 
 EPS1
+        1.00E+00
 
1


 OMEGA - CORR MATRIX FOR RANDOM EFFECTS - ETAS  *******


         ETA1      ETA2      ETA3      ETA4      ETA5     
 
 ETA1
+        5.00E-03
 
 ETA2
+        0.00E+00  5.00E-03
 
 ETA3
+        0.00E+00  0.00E+00  2.64E-01
 
 ETA4
+        0.00E+00  0.00E+00  0.00E+00  0.00E+00
 
 ETA5
+        0.00E+00  0.00E+00  0.00E+00  0.00E+00  5.00E-03
 


 SIGMA - CORR MATRIX FOR RANDOM EFFECTS - EPSILONS  ***


         EPS1     
 
 EPS1
+        1.00E+00
 
 Elapsed finaloutput time in seconds:     0.01
 #CPUT: Total CPU Time in Seconds,        2.878
Stop Time:
Wed Jan  5 05:54:09 UTC 2022
